Archive member included to satisfy reference by file (symbol)

/usr/lib/gcc/x86_64-linux-gnu/5/libstdc++fs.a(dir.o)
                              obj/imerge.o (std::experimental::filesystem::v1::directory_iterator::operator*() const)
/usr/lib/gcc/x86_64-linux-gnu/5/libstdc++fs.a(ops.o)
                              /usr/lib/gcc/x86_64-linux-gnu/5/libstdc++fs.a(dir.o) (std::experimental::filesystem::v1::status(std::experimental::filesystem::v1::path const&, std::error_code&))
/usr/lib/gcc/x86_64-linux-gnu/5/libstdc++fs.a(path.o)
                              /usr/lib/gcc/x86_64-linux-gnu/5/libstdc++fs.a(dir.o) (vtable for std::experimental::filesystem::v1::filesystem_error)
/usr/lib/x86_64-linux-gnu/libc_nonshared.a(elf-init.oS)
                              /usr/lib/gcc/x86_64-linux-gnu/5/../../../x86_64-linux-gnu/crt1.o (__libc_csu_init)

As-needed library included to satisfy reference by file (symbol)

libstdc++.so.6                obj/imerge.o (std::basic_string<char, std::char_traits<char>, std::allocator<char> >::basic_string()@@GLIBCXX_3.4)
libgcc_s.so.1                 obj/imerge.o (_Unwind_Resume@@GCC_3.0)
libc.so.6                     /usr/lib/gcc/x86_64-linux-gnu/5/libstdc++fs.a(ops.o) (fchmod@@GLIBC_2.2.5)

Discarded input sections

 .note.GNU-stack
                0x0000000000000000        0x0 /usr/lib/gcc/x86_64-linux-gnu/5/../../../x86_64-linux-gnu/crt1.o
 .gnu_debuglink
                0x0000000000000000        0xc /usr/lib/gcc/x86_64-linux-gnu/5/../../../x86_64-linux-gnu/crt1.o
 .note.GNU-stack
                0x0000000000000000        0x0 /usr/lib/gcc/x86_64-linux-gnu/5/../../../x86_64-linux-gnu/crti.o
 .gnu_debuglink
                0x0000000000000000        0xc /usr/lib/gcc/x86_64-linux-gnu/5/../../../x86_64-linux-gnu/crti.o
 .note.GNU-stack
                0x0000000000000000        0x0 /usr/lib/gcc/x86_64-linux-gnu/5/crtbegin.o
 .group         0x0000000000000000        0x8 obj/imerge.o
 .group         0x0000000000000000        0x8 obj/imerge.o
 .group         0x0000000000000000        0x8 obj/imerge.o
 .group         0x0000000000000000        0x8 obj/imerge.o
 .group         0x0000000000000000        0x8 obj/imerge.o
 .group         0x0000000000000000        0xc obj/imerge.o
 .group         0x0000000000000000        0x8 obj/imerge.o
 .group         0x0000000000000000        0xc obj/imerge.o
 .group         0x0000000000000000        0x8 obj/imerge.o
 .group         0x0000000000000000        0xc obj/imerge.o
 .group         0x0000000000000000        0x8 obj/imerge.o
 .group         0x0000000000000000        0x8 obj/imerge.o
 .group         0x0000000000000000        0xc obj/imerge.o
 .group         0x0000000000000000        0x8 obj/imerge.o
 .group         0x0000000000000000        0x8 obj/imerge.o
 .group         0x0000000000000000        0x8 obj/imerge.o
 .group         0x0000000000000000        0xc obj/imerge.o
 .group         0x0000000000000000        0xc obj/imerge.o
 .group         0x0000000000000000        0xc obj/imerge.o
 .group         0x0000000000000000        0x8 obj/imerge.o
 .group         0x0000000000000000        0x8 obj/imerge.o
 .group         0x0000000000000000        0x8 obj/imerge.o
 .group         0x0000000000000000        0x8 obj/imerge.o
 .group         0x0000000000000000        0x8 obj/imerge.o
 .group         0x0000000000000000        0x8 obj/imerge.o
 .group         0x0000000000000000        0x8 obj/imerge.o
 .group         0x0000000000000000        0x8 obj/imerge.o
 .group         0x0000000000000000        0x8 obj/imerge.o
 .group         0x0000000000000000        0x8 obj/imerge.o
 .group         0x0000000000000000        0x8 obj/imerge.o
 .group         0x0000000000000000        0x8 obj/imerge.o
 .group         0x0000000000000000        0x8 obj/imerge.o
 .group         0x0000000000000000        0x8 obj/imerge.o
 .group         0x0000000000000000        0x8 obj/imerge.o
 .group         0x0000000000000000        0x8 obj/imerge.o
 .group         0x0000000000000000        0x8 obj/imerge.o
 .group         0x0000000000000000        0x8 obj/imerge.o
 .group         0x0000000000000000        0x8 obj/imerge.o
 .group         0x0000000000000000        0x8 obj/imerge.o
 .group         0x0000000000000000        0x8 obj/imerge.o
 .group         0x0000000000000000        0x8 obj/imerge.o
 .group         0x0000000000000000        0x8 obj/imerge.o
 .group         0x0000000000000000        0x8 obj/imerge.o
 .group         0x0000000000000000        0x8 obj/imerge.o
 .group         0x0000000000000000        0x8 obj/imerge.o
 .group         0x0000000000000000        0x8 obj/imerge.o
 .group         0x0000000000000000        0x8 obj/imerge.o
 .group         0x0000000000000000        0x8 obj/imerge.o
 .group         0x0000000000000000        0x8 obj/imerge.o
 .group         0x0000000000000000        0x8 obj/imerge.o
 .group         0x0000000000000000        0x8 obj/imerge.o
 .group         0x0000000000000000        0x8 obj/imerge.o
[...]
Memory Configuration

Name             Origin             Length             Attributes
*default*        0x0000000000000000 0xffffffffffffffff

Linker script and memory map

LOAD /usr/lib/gcc/x86_64-linux-gnu/5/../../../x86_64-linux-gnu/crt1.o
LOAD /usr/lib/gcc/x86_64-linux-gnu/5/../../../x86_64-linux-gnu/crti.o
LOAD /usr/lib/gcc/x86_64-linux-gnu/5/crtbegin.o
LOAD obj/imerge.o
LOAD obj/logmerge.o
LOAD obj/main.o
LOAD obj/merge_run.o
LOAD /usr/lib/gcc/x86_64-linux-gnu/5/libstdc++fs.a
LOAD /usr/lib/gcc/x86_64-linux-gnu/5/libstdc++.so
LOAD /usr/lib/gcc/x86_64-linux-gnu/5/../../../x86_64-linux-gnu/libm.so
LOAD /usr/lib/gcc/x86_64-linux-gnu/5/libgcc_s.so
LOAD /usr/lib/gcc/x86_64-linux-gnu/5/libgcc.a
LOAD /usr/lib/gcc/x86_64-linux-gnu/5/../../../x86_64-linux-gnu/libc.so
START GROUP
LOAD /lib/x86_64-linux-gnu/libc.so.6
LOAD /usr/lib/x86_64-linux-gnu/libc_nonshared.a
LOAD /lib/x86_64-linux-gnu/ld-linux-x86-64.so.2
END GROUP
LOAD /usr/lib/gcc/x86_64-linux-gnu/5/libgcc_s.so
LOAD /usr/lib/gcc/x86_64-linux-gnu/5/libgcc.a
LOAD /usr/lib/gcc/x86_64-linux-gnu/5/crtend.o
LOAD /usr/lib/gcc/x86_64-linux-gnu/5/../../../x86_64-linux-gnu/crtn.o
                0x0000000000400000                PROVIDE (__executable_start, 0x400000)
                0x0000000000400238                . = (0x400000 + SIZEOF_HEADERS)

.interp         0x0000000000400238       0x1c
 *(.interp)
 .interp        0x0000000000400238       0x1c /usr/lib/gcc/x86_64-linux-gnu/5/../../../x86_64-linux-gnu/crt1.o

.note.ABI-tag   0x0000000000400254       0x20
 .note.ABI-tag  0x0000000000400254       0x20 /usr/lib/gcc/x86_64-linux-gnu/5/../../../x86_64-linux-gnu/crt1.o

.note.gnu.build-id
                0x0000000000400274       0x24
 *(.note.gnu.build-id)
 .note.gnu.build-id
                0x0000000000400274       0x24 /usr/lib/gcc/x86_64-linux-gnu/5/../../../x86_64-linux-gnu/crt1.o

.hash
 *(.hash)

.gnu.hash       0x0000000000400298       0xe8
 *(.gnu.hash)
 .gnu.hash      0x0000000000400298       0xe8 /usr/lib/gcc/x86_64-linux-gnu/5/../../../x86_64-linux-gnu/crt1.o

.dynsym         0x0000000000400380     0x1200
 *(.dynsym)
 .dynsym        0x0000000000400380     0x1200 /usr/lib/gcc/x86_64-linux-gnu/5/../../../x86_64-linux-gnu/crt1.o

.dynstr         0x0000000000401580     0x1772
 *(.dynstr)
 .dynstr        0x0000000000401580     0x1772 /usr/lib/gcc/x86_64-linux-gnu/5/../../../x86_64-linux-gnu/crt1.o

.gnu.version    0x0000000000402cf2      0x180
 *(.gnu.version)
 .gnu.version   0x0000000000402cf2      0x180 /usr/lib/gcc/x86_64-linux-gnu/5/../../../x86_64-linux-gnu/crt1.o

.gnu.version_d  0x0000000000402e78        0x0
 *(.gnu.version_d)
 .gnu.version_d
                0x0000000000000000        0x0 /usr/lib/gcc/x86_64-linux-gnu/5/../../../x86_64-linux-gnu/crt1.o

.gnu.version_r  0x0000000000402e78      0x150
 *(.gnu.version_r)
 .gnu.version_r
                0x0000000000402e78      0x150 /usr/lib/gcc/x86_64-linux-gnu/5/../../../x86_64-linux-gnu/crt1.o

.rela.dyn       0x0000000000402fc8      0x2b8
 *(.rela.init)
 *(.rela.text .rela.text.* .rela.gnu.linkonce.t.*)
 .rela.text     0x0000000000000000        0x0 /usr/lib/gcc/x86_64-linux-gnu/5/../../../x86_64-linux-gnu/crt1.o
 *(.rela.fini)
 *(.rela.rodata .rela.rodata.* .rela.gnu.linkonce.r.*)
 *(.rela.data .rela.data.* .rela.gnu.linkonce.d.*)
 .rela.data.rel.ro
                0x0000000000000000        0x0 /usr/lib/gcc/x86_64-linux-gnu/5/../../../x86_64-linux-gnu/crt1.o
 .rela.data.DW.ref._ZTISt9exception
                0x0000000000402fc8       0x18 /usr/lib/gcc/x86_64-linux-gnu/5/../../../x86_64-linux-gnu/crt1.o
 .rela.data.DW.ref.__gxx_personality_v0
                0x0000000000000000        0x0 /usr/lib/gcc/x86_64-linux-gnu/5/../../../x86_64-linux-gnu/crt1.o
 .rela.data.rel.ro._ZTV12LogFileMerge
                0x0000000000000000        0x0 /usr/lib/gcc/x86_64-linux-gnu/5/../../../x86_64-linux-gnu/crt1.o
 .rela.data.rel.ro._ZTV6IMerge
                0x0000000000000000        0x0 /usr/lib/gcc/x86_64-linux-gnu/5/../../../x86_64-linux-gnu/crt1.o
 .rela.data.rel.ro._ZTI12LogFileMerge
                0x0000000000402fe0       0x18 /usr/lib/gcc/x86_64-linux-gnu/5/../../../x86_64-linux-gnu/crt1.o
 .rela.data.rel.ro._ZTI6IMerge
                0x0000000000402ff8       0x18 /usr/lib/gcc/x86_64-linux-gnu/5/../../../x86_64-linux-gnu/crt1.o
 .rela.data.rel.ro._ZTISt11_Mutex_baseILN9__gnu_cxx12_Lock_policyE2EE
                0x0000000000403010       0x18 /usr/lib/gcc/x86_64-linux-gnu/5/../../../x86_64-linux-gnu/crt1.o
 .rela.data.rel.ro._ZTISt16_Sp_counted_baseILN9__gnu_cxx12_Lock_policyE2EE
                0x0000000000403028       0x18 /usr/lib/gcc/x86_64-linux-gnu/5/../../../x86_64-linux-gnu/crt1.o
 .rela.data.rel.ro._ZTISt19_Sp_make_shared_tag
                0x0000000000403040       0x18 /usr/lib/gcc/x86_64-linux-gnu/5/../../../x86_64-linux-gnu/crt1.o
 .rela.data.rel.ro._ZTISt23_Sp_counted_ptr_inplaceINSt12experimental10filesystem2v14_DirESaIS3_ELN9__gnu_cxx12_Lock_policyE2EE
                0x0000000000403058       0x18 /usr/lib/gcc/x86_64-linux-gnu/5/../../../x86_64-linux-gnu/crt1.o
 .rela.data.rel.ro._ZTISt23_Sp_counted_ptr_inplaceINSt12experimental10filesystem2v128recursive_directory_iterator10_Dir_stackESaIS4_ELN9__gnu_cxx12_Lock_policyE2EE
                0x0000000000403070       0x18 /usr/lib/gcc/x86_64-linux-gnu/5/../../../x86_64-linux-gnu/crt1.o
 .rela.data.rel.ro._ZTVSt23_Sp_counted_ptr_inplaceINSt12experimental10filesystem2v14_DirESaIS3_ELN9__gnu_cxx12_Lock_policyE2EE
                0x0000000000000000        0x0 /usr/lib/gcc/x86_64-linux-gnu/5/../../../x86_64-linux-gnu/crt1.o
 .rela.data.rel.ro._ZTVSt23_Sp_counted_ptr_inplaceINSt12experimental10filesystem2v128recursive_directory_iterator10_Dir_stackESaIS4_ELN9__gnu_cxx12_Lock_policyE2EE
                0x0000000000000000        0x0 /usr/lib/gcc/x86_64-linux-gnu/5/../../../x86_64-linux-gnu/crt1.o
 .rela.data.rel.ro._ZTIN9__gnu_cxx13stdio_filebufIcSt11char_traitsIcEEE
                0x0000000000403088       0x30 /usr/lib/gcc/x86_64-linux-gnu/5/../../../x86_64-linux-gnu/crt1.o
 .rela.data.rel.ro._ZTVN9__gnu_cxx13stdio_filebufIcSt11char_traitsIcEEE
                0x0000000000000000        0x0 /usr/lib/gcc/x86_64-linux-gnu/5/../../../x86_64-linux-gnu/crt1.o
 .rela.data.rel.ro._ZTINSt12experimental10filesystem2v116filesystem_errorE
                0x00000000004030b8       0x30 /usr/lib/gcc/x86_64-linux-gnu/5/../../../x86_64-linux-gnu/crt1.o
 .rela.data.rel.ro._ZTISt12codecvt_utf8IwLm1114111ELSt12codecvt_mode0EE
                0x00000000004030e8       0x30 /usr/lib/gcc/x86_64-linux-gnu/5/../../../x86_64-linux-gnu/crt1.o
 .rela.data.rel.ro._ZTVNSt12experimental10filesystem2v116filesystem_errorE
                0x0000000000000000        0x0 /usr/lib/gcc/x86_64-linux-gnu/5/../../../x86_64-linux-gnu/crt1.o
 .rela.data.rel.ro._ZTVSt12codecvt_utf8IwLm1114111ELSt12codecvt_mode0EE
                0x0000000000000000        0x0 /usr/lib/gcc/x86_64-linux-gnu/5/../../../x86_64-linux-gnu/crt1.o
 *(.rela.tdata .rela.tdata.* .rela.gnu.linkonce.td.*)
 *(.rela.tbss .rela.tbss.* .rela.gnu.linkonce.tb.*)
 *(.rela.ctors)
 *(.rela.dtors)
 *(.rela.got)
 .rela.got      0x0000000000403118      0x168 /usr/lib/gcc/x86_64-linux-gnu/5/../../../x86_64-linux-gnu/crt1.o
 *(.rela.bss .rela.bss.* .rela.gnu.linkonce.b.*)
 .rela.bss      0x0000000000000000        0x0 /usr/lib/gcc/x86_64-linux-gnu/5/../../../x86_64-linux-gnu/crt1.o
 *(.rela.ldata .rela.ldata.* .rela.gnu.linkonce.l.*)
 *(.rela.lbss .rela.lbss.* .rela.gnu.linkonce.lb.*)
 *(.rela.lrodata .rela.lrodata.* .rela.gnu.linkonce.lr.*)
 *(.rela.ifunc)
 .rela.gcc_except_table
                0x0000000000000000        0x0 /usr/lib/gcc/x86_64-linux-gnu/5/../../../x86_64-linux-gnu/crt1.o
 .rela.eh_frame
                0x0000000000000000        0x0 /usr/lib/gcc/x86_64-linux-gnu/5/../../../x86_64-linux-gnu/crt1.o

.rela.plt       0x0000000000403280      0xf30
 *(.rela.plt)
 .rela.plt      0x0000000000403280      0xf30 /usr/lib/gcc/x86_64-linux-gnu/5/../../../x86_64-linux-gnu/crt1.o
                0x00000000004041b0                PROVIDE (__rela_iplt_start, .)
 *(.rela.iplt)
 .rela.iplt     0x0000000000000000        0x0 /usr/lib/gcc/x86_64-linux-gnu/5/../../../x86_64-linux-gnu/crt1.o
                0x00000000004041b0                PROVIDE (__rela_iplt_end, .)

.init           0x00000000004041b0       0x1a
 *(SORT(.init))
 .init          0x00000000004041b0       0x15 /usr/lib/gcc/x86_64-linux-gnu/5/../../../x86_64-linux-gnu/crti.o
                0x00000000004041b0                _init
 .init          0x00000000004041c5        0x5 /usr/lib/gcc/x86_64-linux-gnu/5/../../../x86_64-linux-gnu/crtn.o

.plt            0x00000000004041d0      0xa30
 *(.plt)
 .plt           0x00000000004041d0      0xa30 /usr/lib/gcc/x86_64-linux-gnu/5/../../../x86_64-linux-gnu/crt1.o
                0x00000000004041e0                std::string::append(char const*, unsigned long)@@GLIBCXX_3.4
                0x00000000004041f0                std::__codecvt_utf8_base<wchar_t>::do_length(__mbstate_t&, char const*, char const*, unsigned long) const@@GLIBCXX_3.4.21
                0x0000000000404200                symlink@@GLIBC_2.2.5
                0x0000000000404210                std::string::_S_copy_chars(char*, char const*, char const*)@@GLIBCXX_3.4
                0x0000000000404220                std::codecvt<wchar_t, char, __mbstate_t> const& std::use_facet<std::codecvt<wchar_t, char, __mbstate_t> >(std::locale const&)@@GLIBCXX_3.4
                0x0000000000404230                std::__throw_length_error(char const*)@@GLIBCXX_3.4
                0x0000000000404240                chdir@@GLIBC_2.2.5
                0x0000000000404250                std::basic_string<char, std::char_traits<char>, std::allocator<char> >::basic_string()@@GLIBCXX_3.4
                0x0000000000404260                memset@@GLIBC_2.2.5
                0x0000000000404270                std::basic_filebuf<char, std::char_traits<char> >::underflow()@@GLIBCXX_3.4
                0x0000000000404280                std::basic_filebuf<char, std::char_traits<char> >::xsputn(char const*, long)@@GLIBCXX_3.4
                0x0000000000404290                std::basic_string<wchar_t, std::char_traits<wchar_t>, std::allocator<wchar_t> >::_Rep::_S_create(unsigned long, unsigned long, std::allocator<wchar_t> const&)@@GLIBCXX_3.4
                0x00000000004042a0                std::system_error::~system_error()@@GLIBCXX_3.4.11
                0x00000000004042b0                std::__throw_out_of_range_fmt(char const*, ...)@@GLIBCXX_3.4.20
                0x00000000004042c0                close@@GLIBC_2.2.5
                0x00000000004042d0                std::basic_string<wchar_t, std::char_traits<wchar_t>, std::allocator<wchar_t> >::_M_replace_safe(unsigned long, unsigned long, wchar_t const*, unsigned long)@@GLIBCXX_3.4
                0x00000000004042e0                std::string::_M_mutate(unsigned long, unsigned long, unsigned long)@@GLIBCXX_3.4
                0x00000000004042f0                std::string::substr(unsigned long, unsigned long) const@@GLIBCXX_3.4
                0x0000000000404300                std::basic_istream<char, std::char_traits<char> >& std::getline<char, std::char_traits<char>, std::allocator<char> >(std::basic_istream<char, std::char_traits<char> >&, std::basic_string<char, std::char_traits<char>, std::allocator<char> >&)@@GLIBCXX_3.4
                0x0000000000404310                std::ostream::operator<<(std::basic_streambuf<char, std::char_traits<char> >*)@@GLIBCXX_3.4
                0x0000000000404320                std::runtime_error::runtime_error(std::string const&)@@GLIBCXX_3.4
                0x0000000000404340                std::string::c_str() const@@GLIBCXX_3.4
                0x0000000000404350                operator delete(void*)@@GLIBCXX_3.4
                0x0000000000404360                std::string::reserve(unsigned long)@@GLIBCXX_3.4
                0x0000000000404370                std::string::rfind(char, unsigned long) const@@GLIBCXX_3.4
                0x0000000000404380                __assert_fail@@GLIBC_2.2.5
                0x0000000000404390                operator delete(void*, unsigned long)@@CXXABI_1.3.9
                0x00000000004043a0                __cxa_rethrow@@CXXABI_1.3
                0x00000000004043b0                std::string::size() const@@GLIBCXX_3.4
                0x00000000004043c0                std::_V2::generic_category()@@GLIBCXX_3.4.21
                0x00000000004043d0                std::ios_base::Init::Init()@@GLIBCXX_3.4
                0x00000000004043e0                std::string::_Rep::_M_refdata()@@GLIBCXX_3.4
                0x00000000004043f0                __libc_start_main@@GLIBC_2.2.5
                0x0000000000404400                system@@GLIBC_2.2.5
                0x0000000000404410                std::basic_ofstream<char, std::char_traits<char> >::open(std::string const&, std::_Ios_Openmode)@@GLIBCXX_3.4.13
                0x0000000000404420                std::logic_error::logic_error(char const*)@@GLIBCXX_3.4.21
                0x0000000000404430                std::string::_Rep::_S_create(unsigned long, unsigned long, std::allocator<char> const&)@@GLIBCXX_3.4
                0x0000000000404440                std::basic_ostringstream<char, std::char_traits<char>, std::allocator<char> >::str() const@@GLIBCXX_3.4
                0x0000000000404450                std::string::_M_replace_safe(unsigned long, unsigned long, char const*, unsigned long)@@GLIBCXX_3.4
                0x0000000000404460                std::basic_filebuf<char, std::char_traits<char> >::basic_filebuf()@@GLIBCXX_3.4
                0x0000000000404470                std::basic_string<char, std::char_traits<char>, std::allocator<char> >::basic_string(std::string const&)@@GLIBCXX_3.4
                0x0000000000404480                __cxa_atexit@@GLIBC_2.2.5
                0x0000000000404490                std::basic_ostream<char, std::char_traits<char> >& std::operator<< <std::char_traits<char> >(std::basic_ostream<char, std::char_traits<char> >&, char)@@GLIBCXX_3.4
                0x00000000004044a0                truncate@@GLIBC_2.2.5
                0x00000000004044b0                std::string::length() const@@GLIBCXX_3.4
                0x00000000004044c0                std::basic_ostream<char, std::char_traits<char> >& std::operator<< <std::char_traits<char> >(std::basic_ostream<char, std::char_traits<char> >&, char const*)@@GLIBCXX_3.4
                0x00000000004044d0                std::basic_string<wchar_t, std::char_traits<wchar_t>, std::allocator<wchar_t> >::resize(unsigned long, wchar_t)@@GLIBCXX_3.4
                0x00000000004044e0                std::basic_string<char, std::char_traits<char>, std::allocator<char> >::basic_string(unsigned long, char, std::allocator<char> const&)@@GLIBCXX_3.4
                0x00000000004044f0                std::basic_string<char, std::char_traits<char>, std::allocator<char> >::~basic_string()@@GLIBCXX_3.4
                0x0000000000404500                free@@GLIBC_2.2.5
                0x0000000000404510                strlen@@GLIBC_2.2.5
                0x0000000000404520                std::string::_Rep::_M_destroy(std::allocator<char> const&)@@GLIBCXX_3.4
                0x0000000000404530                std::basic_filebuf<char, std::char_traits<char> >::setbuf(char*, long)@@GLIBCXX_3.4
                0x0000000000404540                fchmodat@@GLIBC_2.4
                0x0000000000404550                std::string::empty() const@@GLIBCXX_3.4
                0x0000000000404560                opendir@@GLIBC_2.2.5
                0x0000000000404570                __xstat@@GLIBC_2.2.5
                0x0000000000404580                realpath@@GLIBC_2.3
                0x0000000000404590                std::string::begin() const@@GLIBCXX_3.4
                0x00000000004045a0                std::string::end()@@GLIBCXX_3.4
                0x00000000004045b0                std::basic_streambuf<char, std::char_traits<char> >::uflow()@@GLIBCXX_3.4
                0x00000000004045c0                std::basic_filebuf<char, std::char_traits<char> >::xsgetn(char*, long)@@GLIBCXX_3.4
                0x00000000004045d0                readdir@@GLIBC_2.2.5
                0x00000000004045e0                link@@GLIBC_2.2.5
                0x00000000004045f0                std::__codecvt_utf8_base<wchar_t>::do_out(__mbstate_t&, wchar_t const*, wchar_t const*, wchar_t const*&, char*, char*, char*&) const@@GLIBCXX_3.4.21
                0x0000000000404600                std::string::insert(unsigned long, char const*, unsigned long)@@GLIBCXX_3.4
                0x0000000000404610                std::basic_filebuf<char, std::char_traits<char> >::sync()@@GLIBCXX_3.4
                0x0000000000404620                std::string::append(unsigned long, char)@@GLIBCXX_3.4
                0x0000000000404630                std::basic_string<wchar_t, std::char_traits<wchar_t>, std::allocator<wchar_t> >::_Rep::_M_destroy(std::allocator<wchar_t> const&)@@GLIBCXX_3.4
                0x0000000000404640                std::basic_filebuf<char, std::char_traits<char> >::seekoff(long, std::_Ios_Seekdir, std::_Ios_Openmode)@@GLIBCXX_3.4
                0x0000000000404650                std::basic_string<char, std::char_traits<char>, std::allocator<char> >::basic_string(char const*, std::allocator<char> const&)@@GLIBCXX_3.4
                0x0000000000404660                std::string::operator=(std::string&&)@@GLIBCXX_3.4.14
                0x0000000000404670                std::basic_ifstream<char, std::char_traits<char> >::~basic_ifstream()@@GLIBCXX_3.4
                0x0000000000404680                std::terminate()@@GLIBCXX_3.4
                0x0000000000404690                std::basic_string<wchar_t, std::char_traits<wchar_t>, std::allocator<wchar_t> >::_M_leak_hard()@@GLIBCXX_3.4
                0x00000000004046a0                std::string::operator[](unsigned long)@@GLIBCXX_3.4
                0x00000000004046b0                readlink@@GLIBC_2.2.5
                0x00000000004046c0                std::basic_ofstream<char, std::char_traits<char> >::~basic_ofstream()@@GLIBCXX_3.4
                0x00000000004046d0                std::basic_ios<char, std::char_traits<char> >::eof() const@@GLIBCXX_3.4
                0x00000000004046e0                std::string::insert(unsigned long, std::string const&)@@GLIBCXX_3.4
                0x00000000004046f0                std::basic_filebuf<char, std::char_traits<char> >::imbue(std::locale const&)@@GLIBCXX_3.4
                0x0000000000404700                fchmod@@GLIBC_2.2.5
                0x0000000000404710                std::__detail::_List_node_base::_M_hook(std::__detail::_List_node_base*)@@GLIBCXX_3.4.15
                0x0000000000404720                std::basic_filebuf<char, std::char_traits<char> >::~basic_filebuf()@@GLIBCXX_3.4
                0x0000000000404730                std::__codecvt_utf8_base<wchar_t>::do_unshift(__mbstate_t&, char*, char*, char*&) const@@GLIBCXX_3.4.21
                0x0000000000404740                utimensat@@GLIBC_2.6
                0x0000000000404750                std::basic_ios<char, std::char_traits<char> >::good() const@@GLIBCXX_3.4
                0x0000000000404760                __cxa_pure_virtual@@CXXABI_1.3
                0x0000000000404770                std::__basic_file<char>::sys_open(int, std::_Ios_Openmode)@@GLIBCXX_3.4
                0x0000000000404780                memmove@@GLIBC_2.2.5
                0x0000000000404790                getenv@@GLIBC_2.2.5
                0x00000000004047a0                std::__codecvt_utf8_base<wchar_t>::do_encoding() const@@GLIBCXX_3.4.21
                0x00000000004047b0                sendfile@@GLIBC_2.2.5
                0x00000000004047c0                std::string::_S_copy_chars(char*, __gnu_cxx::__normal_iterator<char const*, std::string>, __gnu_cxx::__normal_iterator<char const*, std::string>)@@GLIBCXX_3.4
                0x00000000004047d0                std::basic_filebuf<char, std::char_traits<char> >::pbackfail(int)@@GLIBCXX_3.4
                0x00000000004047e0                __errno_location@@GLIBC_2.2.5
                0x00000000004047f0                std::__codecvt_utf8_base<wchar_t>::do_max_length() const@@GLIBCXX_3.4.21
                0x0000000000404800                std::__codecvt_utf8_base<wchar_t>::do_always_noconv() const@@GLIBCXX_3.4.21
                0x0000000000404810                std::_V2::system_category()@@GLIBCXX_3.4.21
                0x0000000000404820                std::string::data() const@@GLIBCXX_3.4
                0x0000000000404830                std::basic_ostream<char, std::char_traits<char> >& std::operator<< <char, std::char_traits<char>, std::allocator<char> >(std::basic_ostream<char, std::char_traits<char> >&, std::basic_string<char, std::char_traits<char>, std::allocator<char> > const&)@@GLIBCXX_3.4
                0x0000000000404840                __stack_chk_fail@@GLIBC_2.4
                0x0000000000404850                std::ios_base::~ios_base()@@GLIBCXX_3.4
                0x0000000000404860                std::basic_ostringstream<char, std::char_traits<char>, std::allocator<char> >::~basic_ostringstream()@@GLIBCXX_3.4
                0x0000000000404870                std::__basic_file<char>::~__basic_file()@@GLIBCXX_3.4
                0x0000000000404880                __cxa_allocate_exception@@CXXABI_1.3
                0x0000000000404890                std::codecvt<wchar_t, char, __mbstate_t>::codecvt(unsigned long)@@GLIBCXX_3.4
                0x00000000004048a0                getcwd@@GLIBC_2.2.5
                0x00000000004048b0                std::allocator<char>::~allocator()@@GLIBCXX_3.4
                0x00000000004048c0                __cxa_free_exception@@CXXABI_1.3
                0x00000000004048d0                std::__codecvt_utf8_base<wchar_t>::do_in(__mbstate_t&, char const*, char const*, char const*&, wchar_t*, wchar_t*, wchar_t*&) const@@GLIBCXX_3.4.21
                0x00000000004048e0                std::string::assign(std::string const&)@@GLIBCXX_3.4
                0x00000000004048f0                std::_Hash_bytes(void const*, unsigned long, unsigned long)@@CXXABI_1.3.5
                0x0000000000404900                std::__codecvt_utf8_base<wchar_t>::~__codecvt_utf8_base()@@GLIBCXX_3.4.21
                0x0000000000404910                std::basic_filebuf<char, std::char_traits<char> >::seekpos(std::fpos<__mbstate_t>, std::_Ios_Openmode)@@GLIBCXX_3.4
                0x0000000000404920                std::__throw_logic_error(char const*)@@GLIBCXX_3.4
                0x0000000000404930                std::string::end() const@@GLIBCXX_3.4
                0x0000000000404940                std::string::append(char const*)@@GLIBCXX_3.4
                0x0000000000404950                memcmp@@GLIBC_2.2.5
                0x0000000000404960                __cxa_throw@@CXXABI_1.3
                0x0000000000404970                std::ostream::operator<<(std::ostream& (*)(std::ostream&))@@GLIBCXX_3.4
                0x0000000000404980                remove@@GLIBC_2.2.5
                0x0000000000404990                statvfs@@GLIBC_2.2.5
                0x00000000004049a0                __lxstat@@GLIBC_2.2.5
                0x00000000004049b0                std::string::capacity() const@@GLIBCXX_3.4
                0x00000000004049c0                std::basic_ofstream<char, std::char_traits<char> >::basic_ofstream()@@GLIBCXX_3.4
                0x00000000004049d0                __cxa_end_catch@@CXXABI_1.3
                0x00000000004049e0                std::__throw_bad_alloc()@@GLIBCXX_3.4
                0x00000000004049f0                closedir@@GLIBC_2.2.5
                0x0000000000404a00                std::basic_filebuf<char, std::char_traits<char> >::_M_allocate_internal_buffer()@@GLIBCXX_3.4
                0x0000000000404a10                std::string::resize(unsigned long, char)@@GLIBCXX_3.4
                0x0000000000404a20                std::basic_ifstream<char, std::char_traits<char> >::basic_ifstream(std::string const&, std::_Ios_Openmode)@@GLIBCXX_3.4.13
                0x0000000000404a30                std::basic_filebuf<char, std::char_traits<char> >::overflow(int)@@GLIBCXX_3.4
                0x0000000000404a40                __cxa_begin_catch@@CXXABI_1.3
                0x0000000000404a50                std::basic_ostream<char, std::char_traits<char> >::basic_ostream(std::basic_streambuf<char, std::char_traits<char> >*)@@GLIBCXX_3.4
                0x0000000000404a60                std::allocator<char>::allocator()@@GLIBCXX_3.4
                0x0000000000404a70                __gxx_personality_v0@@CXXABI_1.3
                0x0000000000404a80                std::basic_ostringstream<char, std::char_traits<char>, std::allocator<char> >::basic_ostringstream(std::_Ios_Openmode)@@GLIBCXX_3.4
                0x0000000000404a90                std::basic_filebuf<char, std::char_traits<char> >::showmanyc()@@GLIBCXX_3.4
                0x0000000000404aa0                std::string::resize(unsigned long)@@GLIBCXX_3.4
                0x0000000000404ab0                std::basic_string<char, std::char_traits<char>, std::allocator<char> >::basic_string(std::string&&)@@GLIBCXX_3.4.14
                0x0000000000404ac0                std::string::_Alloc_hider::_Alloc_hider(char*, std::allocator<char> const&)@@GLIBCXX_3.4
                0x0000000000404ad0                std::string::begin()@@GLIBCXX_3.4
                0x0000000000404ae0                operator new(unsigned long)@@GLIBCXX_3.4
                0x0000000000404af0                std::basic_string<char, std::char_traits<char>, std::allocator<char> >::basic_string(std::string const&, unsigned long, unsigned long)@@GLIBCXX_3.4
                0x0000000000404b00                _Unwind_Resume@@GCC_3.0
                0x0000000000404b10                std::string::_S_empty_rep()@@GLIBCXX_3.4
                0x0000000000404b20                std::locale::~locale()@@GLIBCXX_3.4
                0x0000000000404b30                std::__basic_file<char>::is_open() const@@GLIBCXX_3.4
                0x0000000000404b40                std::string::_M_leak_hard()@@GLIBCXX_3.4
                0x0000000000404b50                std::string::swap(std::string&)@@GLIBCXX_3.4
                0x0000000000404b60                memcpy@@GLIBC_2.14
                0x0000000000404b70                std::string::append(std::string const&)@@GLIBCXX_3.4
                0x0000000000404b80                open@@GLIBC_2.2.5
                0x0000000000404b90                std::basic_filebuf<char, std::char_traits<char> >::close()@@GLIBCXX_3.4
                0x0000000000404ba0                std::string::_Rep::_M_set_length_and_sharable(unsigned long)@@GLIBCXX_3.4.5
                0x0000000000404bb0                rename@@GLIBC_2.2.5
                0x0000000000404bc0                std::runtime_error::what() const@@GLIBCXX_3.4
                0x0000000000404bd0                mkdir@@GLIBC_2.2.5
                0x0000000000404be0                std::basic_string<wchar_t, std::char_traits<wchar_t>, std::allocator<wchar_t> >::_M_mutate(unsigned long, unsigned long, unsigned long)@@GLIBCXX_3.4
                0x0000000000404bf0                std::__detail::_Prime_rehash_policy::_M_need_rehash(unsigned long, unsigned long, unsigned long) const@@GLIBCXX_3.4.18
 *(.iplt)
 .iplt          0x0000000000000000        0x0 /usr/lib/gcc/x86_64-linux-gnu/5/../../../x86_64-linux-gnu/crt1.o

.text           0x0000000000404c00    0x1eee2
 *(.text.unlikely .text.*_unlikely .text.unlikely.*)
 .text.unlikely
                0x0000000000404c00        0x0 /usr/lib/gcc/x86_64-linux-gnu/5/crtbegin.o
 .text.unlikely._ZNSt16_Sp_counted_baseILN9__gnu_cxx12_Lock_policyE2EE10_M_destroyEv
                0x0000000000404c00        0x0 /usr/lib/gcc/x86_64-linux-gnu/5/libstdc++fs.a(dir.o)
 .text.unlikely._ZNSt23_Sp_counted_ptr_inplaceINSt12experimental10filesystem2v128recursive_directory_iterator10_Dir_stackESaIS4_ELN9__gnu_cxx12_Lock_policyE2EED2Ev
                0x0000000000404c00        0x0 /usr/lib/gcc/x86_64-linux-gnu/5/libstdc++fs.a(dir.o)
 .text.unlikely._ZNSt23_Sp_counted_ptr_inplaceINSt12experimental10filesystem2v14_DirESaIS3_ELN9__gnu_cxx12_Lock_policyE2EED2Ev
                0x0000000000404c00        0x0 /usr/lib/gcc/x86_64-linux-gnu/5/libstdc++fs.a(dir.o)
 .text.unlikely._ZNSt23_Sp_counted_ptr_inplaceINSt12experimental10filesystem2v128recursive_directory_iterator10_Dir_stackESaIS4_ELN9__gnu_cxx12_Lock_policyE2EE10_M_destroyEv
                0x0000000000404c00        0x0 /usr/lib/gcc/x86_64-linux-gnu/5/libstdc++fs.a(dir.o)
 .text.unlikely._ZNSt23_Sp_counted_ptr_inplaceINSt12experimental10filesystem2v14_DirESaIS3_ELN9__gnu_cxx12_Lock_policyE2EE10_M_destroyEv
                0x0000000000404c00        0x0 /usr/lib/gcc/x86_64-linux-gnu/5/libstdc++fs.a(dir.o)
 .text.unlikely._ZNSt23_Sp_counted_ptr_inplaceINSt12experimental10filesystem2v14_DirESaIS3_ELN9__gnu_cxx12_Lock_policyE2EE14_M_get_deleterERKSt9type_info
                0x0000000000404c00        0x0 /usr/lib/gcc/x86_64-linux-gnu/5/libstdc++fs.a(dir.o)
 .text.unlikely._ZNSt23_Sp_counted_ptr_inplaceINSt12experimental10filesystem2v128recursive_directory_iterator10_Dir_stackESaIS4_ELN9__gnu_cxx12_Lock_policyE2EE14_M_get_deleterERKSt9type_info
                0x0000000000404c00        0x0 /usr/lib/gcc/x86_64-linux-gnu/5/libstdc++fs.a(dir.o)
 .text.unlikely._ZNSt23_Sp_counted_ptr_inplaceINSt12experimental10filesystem2v14_DirESaIS3_ELN9__gnu_cxx12_Lock_policyE2EED0Ev
                0x0000000000404c00        0x0 /usr/lib/gcc/x86_64-linux-gnu/5/libstdc++fs.a(dir.o)
 .text.unlikely._ZNSt23_Sp_counted_ptr_inplaceINSt12experimental10filesystem2v128recursive_directory_iterator10_Dir_stackESaIS4_ELN9__gnu_cxx12_Lock_policyE2EED0Ev
                0x0000000000404c00        0x0 /usr/lib/gcc/x86_64-linux-gnu/5/libstdc++fs.a(dir.o)
 .text.unlikely._ZNSs4_Rep10_M_disposeERKSaIcE.part.5
                0x0000000000404c00       0x27 /usr/lib/gcc/x86_64-linux-gnu/5/libstdc++fs.a(dir.o)
 *fill*         0x0000000000404c27        0x1 
 .text.unlikely._ZNSt23_Sp_counted_ptr_inplaceINSt12experimental10filesystem2v14_DirESaIS3_ELN9__gnu_cxx12_Lock_policyE2EE10_M_disposeEv
                0x0000000000404c28        0x0 /usr/lib/gcc/x86_64-linux-gnu/5/libstdc++fs.a(dir.o)
 .text.unlikely._ZNSt23_Sp_counted_ptr_inplaceINSt12experimental10filesystem2v128recursive_directory_iterator10_Dir_stackESaIS4_ELN9__gnu_cxx12_Lock_policyE2EE10_M_disposeEv
                0x0000000000404c28        0x0 /usr/lib/gcc/x86_64-linux-gnu/5/libstdc++fs.a(dir.o)
 .text.unlikely._ZNSt12experimental10filesystem2v116filesystem_errorC2ERKSsSt10error_code
                0x0000000000404c28        0x0 /usr/lib/gcc/x86_64-linux-gnu/5/libstdc++fs.a(dir.o)
 .text.unlikely._ZNSt12experimental10filesystem2v116filesystem_errorC2ERKSsRKNS1_4pathESt10error_code
                0x0000000000404c28        0x0 /usr/lib/gcc/x86_64-linux-gnu/5/libstdc++fs.a(dir.o)
 .text.unlikely._ZNSt12experimental10filesystem2v14_DirD2Ev
                0x0000000000404c28        0x0 /usr/lib/gcc/x86_64-linux-gnu/5/libstdc++fs.a(dir.o)
 .text.unlikely._ZNKSt12experimental10filesystem2v118directory_iteratordeEv
                0x0000000000404c28        0x0 /usr/lib/gcc/x86_64-linux-gnu/5/libstdc++fs.a(dir.o)
 .text.unlikely._ZNSt12experimental10filesystem2v128recursive_directory_iteratorD2Ev
                0x0000000000404c28        0x0 /usr/lib/gcc/x86_64-linux-gnu/5/libstdc++fs.a(dir.o)
 .text.unlikely._ZNKSt12experimental10filesystem2v128recursive_directory_iterator5depthEv
                0x0000000000404c28        0x0 /usr/lib/gcc/x86_64-linux-gnu/5/libstdc++fs.a(dir.o)
 .text.unlikely._ZNKSt12experimental10filesystem2v128recursive_directory_iteratordeEv
                0x0000000000404c28        0x0 /usr/lib/gcc/x86_64-linux-gnu/5/libstdc++fs.a(dir.o)
 .text.unlikely._ZNSt12experimental10filesystem2v128recursive_directory_iteratoraSERKS2_
                0x0000000000404c28        0x0 /usr/lib/gcc/x86_64-linux-gnu/5/libstdc++fs.a(dir.o)
 .text.unlikely._ZNSt12experimental10filesystem2v128recursive_directory_iteratoraSEOS2_
                0x0000000000404c28        0x0 /usr/lib/gcc/x86_64-linux-gnu/5/libstdc++fs.a(dir.o)
 .text.unlikely._ZNSt12experimental10filesystem2v14_Dir7advanceEPSt10error_codeNS1_17directory_optionsE
                0x0000000000404c28        0x0 /usr/lib/gcc/x86_64-linux-gnu/5/libstdc++fs.a(dir.o)
 .text.unlikely._ZNSt12experimental10filesystem2v118directory_iterator9incrementERSt10error_code
                0x0000000000404c28        0x0 /usr/lib/gcc/x86_64-linux-gnu/5/libstdc++fs.a(dir.o)
 .text.unlikely._ZNSt12experimental10filesystem2v118directory_iteratorppEv
                0x0000000000404c28        0x0 /usr/lib/gcc/x86_64-linux-gnu/5/libstdc++fs.a(dir.o)
 .text.unlikely._ZNSt12experimental10filesystem2v118directory_iteratorC2ERKNS1_4pathENS1_17directory_optionsEPSt10error_code
                0x0000000000404c28        0x0 /usr/lib/gcc/x86_64-linux-gnu/5/libstdc++fs.a(dir.o)
 .text.unlikely._ZNSt5dequeINSt12experimental10filesystem2v14_DirESaIS3_EE12emplace_backIJS3_EEEvDpOT_
                0x0000000000404c28        0x0 /usr/lib/gcc/x86_64-linux-gnu/5/libstdc++fs.a(dir.o)
 .text.unlikely._ZNSt5dequeINSt12experimental10filesystem2v14_DirESaIS3_EE15_M_pop_back_auxEv
                0x0000000000404c28        0x0 /usr/lib/gcc/x86_64-linux-gnu/5/libstdc++fs.a(dir.o)
 .text.unlikely._ZNSt12experimental10filesystem2v128recursive_directory_iterator9incrementERSt10error_code
                0x0000000000404c28        0x0 /usr/lib/gcc/x86_64-linux-gnu/5/libstdc++fs.a(dir.o)
 .text.unlikely._ZNSt12experimental10filesystem2v128recursive_directory_iteratorppEv
                0x0000000000404c28        0x0 /usr/lib/gcc/x86_64-linux-gnu/5/libstdc++fs.a(dir.o)
 .text.unlikely._ZNSt12experimental10filesystem2v128recursive_directory_iterator3popERSt10error_code
                0x0000000000404c28        0x0 /usr/lib/gcc/x86_64-linux-gnu/5/libstdc++fs.a(dir.o)
 .text.unlikely._ZNSt12experimental10filesystem2v128recursive_directory_iterator3popEv
                0x0000000000404c28        0x0 /usr/lib/gcc/x86_64-linux-gnu/5/libstdc++fs.a(dir.o)
 .text.unlikely._ZNSt5dequeINSt12experimental10filesystem2v14_DirESaIS3_EED2Ev
                0x0000000000404c28        0x0 /usr/lib/gcc/x86_64-linux-gnu/5/libstdc++fs.a(dir.o)
 .text.unlikely._ZNSt11_Deque_baseINSt12experimental10filesystem2v14_DirESaIS3_EE17_M_initialize_mapEm
                0x0000000000404c28        0x0 /usr/lib/gcc/x86_64-linux-gnu/5/libstdc++fs.a(dir.o)
 .text.unlikely._ZNSt12experimental10filesystem2v128recursive_directory_iteratorC2ERKNS1_4pathENS1_17directory_optionsEPSt10error_code
                0x0000000000404c28        0x0 /usr/lib/gcc/x86_64-linux-gnu/5/libstdc++fs.a(dir.o)
 .text.unlikely._ZNSt15_Sp_counted_ptrIDnLN9__gnu_cxx12_Lock_policyE2EE10_M_disposeEv
                0x0000000000404c28        0x0 /usr/lib/gcc/x86_64-linux-gnu/5/libstdc++fs.a(ops.o)
 .text.unlikely._ZNSt12experimental10filesystem2v111resize_fileERKNS1_4pathEmRSt10error_code.part.42
                0x0000000000404c28        0x0 /usr/lib/gcc/x86_64-linux-gnu/5/libstdc++fs.a(ops.o)
 .text.unlikely._ZNSs4_Rep10_M_disposeERKSaIcE.part.12
                0x0000000000404c28       0x27 /usr/lib/gcc/x86_64-linux-gnu/5/libstdc++fs.a(ops.o)
 *fill*         0x0000000000404c4f        0x1 
 .text.unlikely._ZN9__gnu_cxx13stdio_filebufIcSt11char_traitsIcEED2Ev
                0x0000000000404c50        0x0 /usr/lib/gcc/x86_64-linux-gnu/5/libstdc++fs.a(ops.o)
 .text.unlikely._ZN9__gnu_cxx13stdio_filebufIcSt11char_traitsIcEED0Ev
                0x0000000000404c50        0x0 /usr/lib/gcc/x86_64-linux-gnu/5/libstdc++fs.a(ops.o)
 .text.unlikely._ZNSt12experimental10filesystem2v1dvERKNS1_4pathES4_
                0x0000000000404c50        0x0 /usr/lib/gcc/x86_64-linux-gnu/5/libstdc++fs.a(ops.o)
 .text.unlikely._ZNSt12experimental10filesystem2v14pathaSEOS2_
                0x0000000000404c50        0x0 /usr/lib/gcc/x86_64-linux-gnu/5/libstdc++fs.a(ops.o)
 .text.unlikely._ZNSt12experimental10filesystem2v116filesystem_error11_M_gen_whatEv
                0x0000000000404c50        0x0 /usr/lib/gcc/x86_64-linux-gnu/5/libstdc++fs.a(ops.o)
 .text.unlikely._ZNSt12experimental10filesystem2v116filesystem_errorC2ERKSsRKNS1_4pathES7_St10error_code
                0x0000000000404c50        0x0 /usr/lib/gcc/x86_64-linux-gnu/5/libstdc++fs.a(ops.o)
 .text.unlikely._ZNSt12experimental10filesystem2v116create_hard_linkERKNS1_4pathES4_RSt10error_code
                0x0000000000404c50        0x0 /usr/lib/gcc/x86_64-linux-gnu/5/libstdc++fs.a(ops.o)
 .text.unlikely._ZNSt12experimental10filesystem2v116create_hard_linkERKNS1_4pathES4_
                0x0000000000404c50        0x0 /usr/lib/gcc/x86_64-linux-gnu/5/libstdc++fs.a(ops.o)
 .text.unlikely._ZNSt12experimental10filesystem2v114create_symlinkERKNS1_4pathES4_RSt10error_code
                0x0000000000404c50        0x0 /usr/lib/gcc/x86_64-linux-gnu/5/libstdc++fs.a(ops.o)
 .text.unlikely._ZNSt12experimental10filesystem2v124create_directory_symlinkERKNS1_4pathES4_RSt10error_code
                0x0000000000404c50        0x0 /usr/lib/gcc/x86_64-linux-gnu/5/libstdc++fs.a(ops.o)
 .text.unlikely._ZNSt12experimental10filesystem2v124create_directory_symlinkERKNS1_4pathES4_
                0x0000000000404c50        0x0 /usr/lib/gcc/x86_64-linux-gnu/5/libstdc++fs.a(ops.o)
 .text.unlikely._ZNSt12experimental10filesystem2v114create_symlinkERKNS1_4pathES4_
                0x0000000000404c50        0x0 /usr/lib/gcc/x86_64-linux-gnu/5/libstdc++fs.a(ops.o)
 .text.unlikely._ZNSt12experimental10filesystem2v112current_pathERKNS1_4pathERSt10error_code
                0x0000000000404c50        0x0 /usr/lib/gcc/x86_64-linux-gnu/5/libstdc++fs.a(ops.o)
 .text.unlikely._ZNSt12experimental10filesystem2v112current_pathERKNS1_4pathE
                0x0000000000404c50        0x0 /usr/lib/gcc/x86_64-linux-gnu/5/libstdc++fs.a(ops.o)
 .text.unlikely._ZNSt12experimental10filesystem2v110equivalentERKNS1_4pathES4_RSt10error_code
                0x0000000000404c50        0x0 /usr/lib/gcc/x86_64-linux-gnu/5/libstdc++fs.a(ops.o)
 .text.unlikely._ZNSt12experimental10filesystem2v110equivalentERKNS1_4pathES4_
                0x0000000000404c50        0x0 /usr/lib/gcc/x86_64-linux-gnu/5/libstdc++fs.a(ops.o)
 .text.unlikely._ZNSt12experimental10filesystem2v19file_sizeERKNS1_4pathERSt10error_code
                0x0000000000404c50        0x0 /usr/lib/gcc/x86_64-linux-gnu/5/libstdc++fs.a(ops.o)
 .text.unlikely._ZNSt12experimental10filesystem2v19file_sizeERKNS1_4pathE
                0x0000000000404c50        0x0 /usr/lib/gcc/x86_64-linux-gnu/5/libstdc++fs.a(ops.o)
 .text.unlikely._ZNSt12experimental10filesystem2v115hard_link_countERKNS1_4pathERSt10error_code
                0x0000000000404c50        0x0 /usr/lib/gcc/x86_64-linux-gnu/5/libstdc++fs.a(ops.o)
 .text.unlikely._ZNSt12experimental10filesystem2v115hard_link_countERKNS1_4pathE
                0x0000000000404c50        0x0 /usr/lib/gcc/x86_64-linux-gnu/5/libstdc++fs.a(ops.o)
 .text.unlikely._ZNSt12experimental10filesystem2v115last_write_timeERKNS1_4pathERSt10error_code
                0x0000000000404c50        0x0 /usr/lib/gcc/x86_64-linux-gnu/5/libstdc++fs.a(ops.o)
 .text.unlikely._ZNSt12experimental10filesystem2v115last_write_timeERKNS1_4pathE
                0x0000000000404c50        0x0 /usr/lib/gcc/x86_64-linux-gnu/5/libstdc++fs.a(ops.o)
 .text.unlikely._ZNSt12experimental10filesystem2v115last_write_timeERKNS1_4pathENSt6chrono10time_pointINS5_3_V212system_clockENS5_8durationIlSt5ratioILl1ELl1000000000EEEEEERSt10error_code
                0x0000000000404c50        0x0 /usr/lib/gcc/x86_64-linux-gnu/5/libstdc++fs.a(ops.o)
 .text.unlikely._ZNSt12experimental10filesystem2v115last_write_timeERKNS1_4pathENSt6chrono10time_pointINS5_3_V212system_clockENS5_8durationIlSt5ratioILl1ELl1000000000EEEEEE
                0x0000000000404c50        0x0 /usr/lib/gcc/x86_64-linux-gnu/5/libstdc++fs.a(ops.o)
 .text.unlikely._ZNSt12experimental10filesystem2v16renameERKNS1_4pathES4_RSt10error_code
                0x0000000000404c50        0x0 /usr/lib/gcc/x86_64-linux-gnu/5/libstdc++fs.a(ops.o)
 .text.unlikely._ZNSt12experimental10filesystem2v16renameERKNS1_4pathES4_
                0x0000000000404c50        0x0 /usr/lib/gcc/x86_64-linux-gnu/5/libstdc++fs.a(ops.o)
 .text.unlikely._ZNSt12experimental10filesystem2v111resize_fileERKNS1_4pathEmRSt10error_code
                0x0000000000404c50        0x0 /usr/lib/gcc/x86_64-linux-gnu/5/libstdc++fs.a(ops.o)
 .text.unlikely._ZNSt12experimental10filesystem2v111resize_fileERKNS1_4pathEm
                0x0000000000404c50        0x0 /usr/lib/gcc/x86_64-linux-gnu/5/libstdc++fs.a(ops.o)
 .text.unlikely._ZNSt12experimental10filesystem2v15spaceERKNS1_4pathERSt10error_code
                0x0000000000404c50        0x0 /usr/lib/gcc/x86_64-linux-gnu/5/libstdc++fs.a(ops.o)
 .text.unlikely._ZNSt12experimental10filesystem2v15spaceERKNS1_4pathE
                0x0000000000404c50        0x0 /usr/lib/gcc/x86_64-linux-gnu/5/libstdc++fs.a(ops.o)
 .text.unlikely._ZNSt12experimental10filesystem2v16statusERKNS1_4pathERSt10error_code
                0x0000000000404c50        0x0 /usr/lib/gcc/x86_64-linux-gnu/5/libstdc++fs.a(ops.o)
 .text.unlikely._ZNSt12experimental10filesystem2v18is_emptyERKNS1_4pathERSt10error_code
                0x0000000000404c50        0x0 /usr/lib/gcc/x86_64-linux-gnu/5/libstdc++fs.a(ops.o)
 .text.unlikely._ZNSt12experimental10filesystem2v18is_emptyERKNS1_4pathE
                0x0000000000404c50        0x0 /usr/lib/gcc/x86_64-linux-gnu/5/libstdc++fs.a(ops.o)
 .text.unlikely._ZNSt12experimental10filesystem2v114symlink_statusERKNS1_4pathERSt10error_code
                0x0000000000404c50        0x0 /usr/lib/gcc/x86_64-linux-gnu/5/libstdc++fs.a(ops.o)
 .text.unlikely._ZNSt12experimental10filesystem2v111permissionsERKNS1_4pathENS1_5permsERSt10error_code
                0x0000000000404c50        0x0 /usr/lib/gcc/x86_64-linux-gnu/5/libstdc++fs.a(ops.o)
 .text.unlikely._ZNSt12experimental10filesystem2v111permissionsERKNS1_4pathENS1_5permsE
                0x0000000000404c50        0x0 /usr/lib/gcc/x86_64-linux-gnu/5/libstdc++fs.a(ops.o)
 .text.unlikely._ZNSt12experimental10filesystem2v16removeERKNS1_4pathERSt10error_code
                0x0000000000404c50        0x0 /usr/lib/gcc/x86_64-linux-gnu/5/libstdc++fs.a(ops.o)
 .text.unlikely._ZNSt12experimental10filesystem2v16removeERKNS1_4pathE
                0x0000000000404c50        0x0 /usr/lib/gcc/x86_64-linux-gnu/5/libstdc++fs.a(ops.o)
 .text.unlikely._ZNSt12experimental10filesystem2v110remove_allERKNS1_4pathERSt10error_code
                0x0000000000404c50        0x0 /usr/lib/gcc/x86_64-linux-gnu/5/libstdc++fs.a(ops.o)
 .text.unlikely._ZNSt12experimental10filesystem2v110remove_allERKNS1_4pathE
                0x0000000000404c50        0x0 /usr/lib/gcc/x86_64-linux-gnu/5/libstdc++fs.a(ops.o)
 .text.unlikely._ZNSt12experimental10filesystem2v16statusERKNS1_4pathE
                0x0000000000404c50        0x0 /usr/lib/gcc/x86_64-linux-gnu/5/libstdc++fs.a(ops.o)
 .text.unlikely._ZN12_GLOBAL__N_110create_dirERKNSt12experimental10filesystem2v14pathENS2_5permsERSt10error_code
                0x0000000000404c50        0x0 /usr/lib/gcc/x86_64-linux-gnu/5/libstdc++fs.a(ops.o)
 .text.unlikely._ZNSt12experimental10filesystem2v116create_directoryERKNS1_4pathERSt10error_code
                0x0000000000404c50        0x0 /usr/lib/gcc/x86_64-linux-gnu/5/libstdc++fs.a(ops.o)
 .text.unlikely._ZNSt12experimental10filesystem2v116create_directoryERKNS1_4pathE
                0x0000000000404c50        0x0 /usr/lib/gcc/x86_64-linux-gnu/5/libstdc++fs.a(ops.o)
 .text.unlikely._ZNSt12experimental10filesystem2v116create_directoryERKNS1_4pathES4_RSt10error_code
                0x0000000000404c50        0x0 /usr/lib/gcc/x86_64-linux-gnu/5/libstdc++fs.a(ops.o)
 .text.unlikely._ZNSt12experimental10filesystem2v116create_directoryERKNS1_4pathES4_
                0x0000000000404c50        0x0 /usr/lib/gcc/x86_64-linux-gnu/5/libstdc++fs.a(ops.o)
 .text.unlikely._ZNSt12experimental10filesystem2v114symlink_statusERKNS1_4pathE
                0x0000000000404c50        0x0 /usr/lib/gcc/x86_64-linux-gnu/5/libstdc++fs.a(ops.o)
 .text.unlikely._ZNSt12experimental10filesystem2v112read_symlinkERKNS1_4pathERSt10error_code
                0x0000000000404c50        0x0 /usr/lib/gcc/x86_64-linux-gnu/5/libstdc++fs.a(ops.o)
 .text.unlikely._ZNSt12experimental10filesystem2v112copy_symlinkERKNS1_4pathES4_RSt10error_code
                0x0000000000404c50        0x0 /usr/lib/gcc/x86_64-linux-gnu/5/libstdc++fs.a(ops.o)
 .text.unlikely._ZNSt12experimental10filesystem2v112copy_symlinkERKNS1_4pathES4_
                0x0000000000404c50        0x0 /usr/lib/gcc/x86_64-linux-gnu/5/libstdc++fs.a(ops.o)
 .text.unlikely._ZNSt12experimental10filesystem2v112read_symlinkERKNS1_4pathE
                0x0000000000404c50        0x0 /usr/lib/gcc/x86_64-linux-gnu/5/libstdc++fs.a(ops.o)
 .text.unlikely._ZNSt12experimental10filesystem2v119temp_directory_pathERSt10error_code
                0x0000000000404c50        0x0 /usr/lib/gcc/x86_64-linux-gnu/5/libstdc++fs.a(ops.o)
 .text.unlikely._ZNSt12experimental10filesystem2v119temp_directory_pathEv
                0x0000000000404c50        0x0 /usr/lib/gcc/x86_64-linux-gnu/5/libstdc++fs.a(ops.o)
 .text.unlikely._ZNSt12experimental10filesystem2v112current_pathERSt10error_code
                0x0000000000404c50        0x0 /usr/lib/gcc/x86_64-linux-gnu/5/libstdc++fs.a(ops.o)
 .text.unlikely._ZNSt12experimental10filesystem2v112current_pathEv
                0x0000000000404c50        0x0 /usr/lib/gcc/x86_64-linux-gnu/5/libstdc++fs.a(ops.o)
 .text.unlikely._ZNSt6vectorINSt12experimental10filesystem2v14path5_CmptESaIS4_EEaSERKS6_
                0x0000000000404c50        0x0 /usr/lib/gcc/x86_64-linux-gnu/5/libstdc++fs.a(ops.o)
 .text.unlikely._ZNSt12experimental10filesystem2v18absoluteERKNS1_4pathES4_
                0x0000000000404c50        0x0 /usr/lib/gcc/x86_64-linux-gnu/5/libstdc++fs.a(ops.o)
 .text.unlikely._ZNSt12experimental10filesystem2v115system_completeERKNS1_4pathERSt10error_code
                0x0000000000404c50        0x0 /usr/lib/gcc/x86_64-linux-gnu/5/libstdc++fs.a(ops.o)
 .text.unlikely._ZNSt12experimental10filesystem2v115system_completeERKNS1_4pathE
                0x0000000000404c50        0x0 /usr/lib/gcc/x86_64-linux-gnu/5/libstdc++fs.a(ops.o)
 .text.unlikely._ZNSt5dequeINSt12experimental10filesystem2v14pathESaIS3_EED2Ev
                0x0000000000404c50        0x0 /usr/lib/gcc/x86_64-linux-gnu/5/libstdc++fs.a(ops.o)
 .text.unlikely._ZN9__gnu_cxx13stdio_filebufIcSt11char_traitsIcEEC2EiSt13_Ios_Openmodem
                0x0000000000404c50        0x0 /usr/lib/gcc/x86_64-linux-gnu/5/libstdc++fs.a(ops.o)
 .text.unlikely._ZN12_GLOBAL__N_112do_copy_fileERKNSt12experimental10filesystem2v14pathES5_NS2_12copy_optionsEP4statS8_RSt10error_code
                0x0000000000404c50        0x0 /usr/lib/gcc/x86_64-linux-gnu/5/libstdc++fs.a(ops.o)
 .text.unlikely._ZNSt12experimental10filesystem2v19copy_fileERKNS1_4pathES4_NS1_12copy_optionsERSt10error_code
                0x0000000000404c50        0x0 /usr/lib/gcc/x86_64-linux-gnu/5/libstdc++fs.a(ops.o)
 .text.unlikely._ZNSt12experimental10filesystem2v19copy_fileERKNS1_4pathES4_NS1_12copy_optionsE
                0x0000000000404c50        0x0 /usr/lib/gcc/x86_64-linux-gnu/5/libstdc++fs.a(ops.o)
 .text.unlikely._ZNSt12experimental10filesystem2v14copyERKNS1_4pathES4_NS1_12copy_optionsERSt10error_code
                0x0000000000404c50        0x0 /usr/lib/gcc/x86_64-linux-gnu/5/libstdc++fs.a(ops.o)
 .text.unlikely._ZNSt12experimental10filesystem2v14copyERKNS1_4pathES4_NS1_12copy_optionsE
                0x0000000000404c50        0x0 /usr/lib/gcc/x86_64-linux-gnu/5/libstdc++fs.a(ops.o)
 .text.unlikely._ZNSt11_Deque_baseINSt12experimental10filesystem2v14pathESaIS3_EE17_M_initialize_mapEm
                0x0000000000404c50        0x0 /usr/lib/gcc/x86_64-linux-gnu/5/libstdc++fs.a(ops.o)
 .text.unlikely._ZNSt5dequeINSt12experimental10filesystem2v14pathESaIS3_EE17_M_reallocate_mapEmb
                0x0000000000404c50        0x0 /usr/lib/gcc/x86_64-linux-gnu/5/libstdc++fs.a(ops.o)
 .text.unlikely._ZNSt5dequeINSt12experimental10filesystem2v14pathESaIS3_EE16_M_push_back_auxIJRKS3_EEEvDpOT_
                0x0000000000404c50        0x0 /usr/lib/gcc/x86_64-linux-gnu/5/libstdc++fs.a(ops.o)
 .text.unlikely._ZNSt12experimental10filesystem2v118create_directoriesERKNS1_4pathERSt10error_code
                0x0000000000404c50        0x0 /usr/lib/gcc/x86_64-linux-gnu/5/libstdc++fs.a(ops.o)
 .text.unlikely._ZNSt12experimental10filesystem2v118create_directoriesERKNS1_4pathE
                0x0000000000404c50        0x0 /usr/lib/gcc/x86_64-linux-gnu/5/libstdc++fs.a(ops.o)
 .text.unlikely._ZNSt5dequeINSt12experimental10filesystem2v14pathESaIS3_EE24_M_new_elements_at_frontEm
                0x0000000000404c50        0x0 /usr/lib/gcc/x86_64-linux-gnu/5/libstdc++fs.a(ops.o)
 .text.unlikely._ZNSt5dequeINSt12experimental10filesystem2v14pathESaIS3_EE23_M_new_elements_at_backEm
                0x0000000000404c50        0x0 /usr/lib/gcc/x86_64-linux-gnu/5/libstdc++fs.a(ops.o)
 .text.unlikely._ZSt8_DestroyISt15_Deque_iteratorINSt12experimental10filesystem2v14pathERS4_PS4_EEvT_S8_
                0x0000000000404c50        0x0 /usr/lib/gcc/x86_64-linux-gnu/5/libstdc++fs.a(ops.o)
 .text.unlikely._ZNSt5dequeINSt12experimental10filesystem2v14pathESaIS3_EE13_M_insert_auxINS3_8iteratorEEEvSt15_Deque_iteratorIS3_RS3_PS3_ET_SC_m
                0x0000000000404c50        0x0 /usr/lib/gcc/x86_64-linux-gnu/5/libstdc++fs.a(ops.o)
 .text.unlikely._ZNSt5dequeINSt12experimental10filesystem2v14pathESaIS3_EE19_M_range_insert_auxINS3_8iteratorEEEvSt15_Deque_iteratorIS3_RS3_PS3_ET_SC_St20forward_iterator_tag
                0x0000000000404c50        0x0 /usr/lib/gcc/x86_64-linux-gnu/5/libstdc++fs.a(ops.o)
 .text.unlikely._ZNSt12experimental10filesystem2v19canonicalERKNS1_4pathES4_RSt10error_code
                0x0000000000404c50        0x0 /usr/lib/gcc/x86_64-linux-gnu/5/libstdc++fs.a(ops.o)
 .text.unlikely._ZNSt12experimental10filesystem2v19canonicalERKNS1_4pathERSt10error_code
                0x0000000000404c50        0x0 /usr/lib/gcc/x86_64-linux-gnu/5/libstdc++fs.a(ops.o)
 .text.unlikely._ZNSt12experimental10filesystem2v19canonicalERKNS1_4pathES4_
                0x0000000000404c50        0x0 /usr/lib/gcc/x86_64-linux-gnu/5/libstdc++fs.a(ops.o)
 .text.unlikely._ZNKSt12experimental10filesystem2v116filesystem_error4whatEv
                0x0000000000404c50        0x0 /usr/lib/gcc/x86_64-linux-gnu/5/libstdc++fs.a(path.o)
 .text.unlikely._ZNKSt23__codecvt_abstract_baseIwc11__mbstate_tE2inERS0_PKcS4_RS4_PwS6_RS6_
                0x0000000000404c50        0x0 /usr/lib/gcc/x86_64-linux-gnu/5/libstdc++fs.a(path.o)
 .text.unlikely._ZNKSt23__codecvt_abstract_baseIwc11__mbstate_tE3outERS0_PKwS4_RS4_PcS6_RS6_
                0x0000000000404c50        0x0 /usr/lib/gcc/x86_64-linux-gnu/5/libstdc++fs.a(path.o)
 .text.unlikely._ZNSt12codecvt_utf8IwLm1114111ELSt12codecvt_mode0EED2Ev
                0x0000000000404c50        0x0 /usr/lib/gcc/x86_64-linux-gnu/5/libstdc++fs.a(path.o)
 .text.unlikely._ZNSt12codecvt_utf8IwLm1114111ELSt12codecvt_mode0EED0Ev
                0x0000000000404c50        0x0 /usr/lib/gcc/x86_64-linux-gnu/5/libstdc++fs.a(path.o)
 .text.unlikely._ZNSbIwSt11char_traitsIwESaIwEE4_Rep10_M_disposeERKS1_.part.9
                0x0000000000404c50       0x27 /usr/lib/gcc/x86_64-linux-gnu/5/libstdc++fs.a(path.o)
 *fill*         0x0000000000404c77        0x1 
 .text.unlikely._ZNSs4_Rep10_M_disposeERKSaIcE.part.8
                0x0000000000404c78       0x27 /usr/lib/gcc/x86_64-linux-gnu/5/libstdc++fs.a(path.o)
 *fill*         0x0000000000404c9f        0x1 
 .text.unlikely._ZNSt12experimental10filesystem2v116filesystem_errorD2Ev
                0x0000000000404ca0        0x0 /usr/lib/gcc/x86_64-linux-gnu/5/libstdc++fs.a(path.o)
 .text.unlikely._ZNSt12experimental10filesystem2v116filesystem_errorD0Ev
                0x0000000000404ca0        0x0 /usr/lib/gcc/x86_64-linux-gnu/5/libstdc++fs.a(path.o)
 .text.unlikely._ZNKSt12experimental10filesystem2v14path7compareERKS2_
                0x0000000000404ca0        0x0 /usr/lib/gcc/x86_64-linux-gnu/5/libstdc++fs.a(path.o)
 .text.unlikely._ZNKSt12experimental10filesystem2v14path13has_root_nameEv
                0x0000000000404ca0        0x0 /usr/lib/gcc/x86_64-linux-gnu/5/libstdc++fs.a(path.o)
 .text.unlikely._ZNKSt12experimental10filesystem2v14path18has_root_directoryEv
                0x0000000000404ca0        0x0 /usr/lib/gcc/x86_64-linux-gnu/5/libstdc++fs.a(path.o)
 .text.unlikely._ZNKSt12experimental10filesystem2v14path13has_root_pathEv
                0x0000000000404ca0        0x0 /usr/lib/gcc/x86_64-linux-gnu/5/libstdc++fs.a(path.o)
 .text.unlikely._ZNKSt12experimental10filesystem2v14path17has_relative_pathEv
                0x0000000000404ca0        0x0 /usr/lib/gcc/x86_64-linux-gnu/5/libstdc++fs.a(path.o)
 .text.unlikely._ZNKSt12experimental10filesystem2v14path15has_parent_pathEv
                0x0000000000404ca0        0x0 /usr/lib/gcc/x86_64-linux-gnu/5/libstdc++fs.a(path.o)
 .text.unlikely._ZNKSt12experimental10filesystem2v14path12has_filenameEv
                0x0000000000404ca0        0x0 /usr/lib/gcc/x86_64-linux-gnu/5/libstdc++fs.a(path.o)
 .text.unlikely._ZNKSt12experimental10filesystem2v14path17_M_find_extensionEv
                0x0000000000404ca0        0x0 /usr/lib/gcc/x86_64-linux-gnu/5/libstdc++fs.a(path.o)
 .text.unlikely._ZNSt12experimental10filesystem2v14path7_M_trimEv
                0x0000000000404ca0        0x0 /usr/lib/gcc/x86_64-linux-gnu/5/libstdc++fs.a(path.o)
 .text.unlikely._ZNSt12experimental10filesystem2v14path14_S_convert_locEPKcS4_RKSt6locale
                0x0000000000404ca0        0x0 /usr/lib/gcc/x86_64-linux-gnu/5/libstdc++fs.a(path.o)
 .text.unlikely._ZNSt12experimental10filesystem2v110hash_valueERKNS1_4pathE
                0x0000000000404ca0        0x0 /usr/lib/gcc/x86_64-linux-gnu/5/libstdc++fs.a(path.o)
 .text.unlikely._ZNSt6vectorINSt12experimental10filesystem2v14path5_CmptESaIS4_EE19_M_emplace_back_auxIJSsNS3_5_TypeEiEEEvDpOT_
                0x0000000000404ca0        0x0 /usr/lib/gcc/x86_64-linux-gnu/5/libstdc++fs.a(path.o)
 .text.unlikely._ZNSt12experimental10filesystem2v14path16_M_add_root_nameEm
                0x0000000000404ca0        0x0 /usr/lib/gcc/x86_64-linux-gnu/5/libstdc++fs.a(path.o)
 .text.unlikely._ZNSt12experimental10filesystem2v14path14_M_split_cmptsEv
                0x0000000000404ca0        0x0 /usr/lib/gcc/x86_64-linux-gnu/5/libstdc++fs.a(path.o)
 .text.unlikely._ZNSt12experimental10filesystem2v14path17replace_extensionERKS2_
                0x0000000000404ca0        0x0 /usr/lib/gcc/x86_64-linux-gnu/5/libstdc++fs.a(path.o)
 .text.unlikely._ZNKSt12experimental10filesystem2v14path11parent_pathEv
                0x0000000000404ca0        0x0 /usr/lib/gcc/x86_64-linux-gnu/5/libstdc++fs.a(path.o)
 .text.unlikely._ZNSt6vectorINSt12experimental10filesystem2v14path5_CmptESaIS4_EE19_M_emplace_back_auxIJSsNS3_5_TypeERmEEEvDpOT_
                0x0000000000404ca0        0x0 /usr/lib/gcc/x86_64-linux-gnu/5/libstdc++fs.a(path.o)
 .text.unlikely._ZNSt6vectorINSt12experimental10filesystem2v14path5_CmptESaIS4_EE12emplace_backIJSsNS3_5_TypeERmEEEvDpOT_
                0x0000000000404ca0        0x0 /usr/lib/gcc/x86_64-linux-gnu/5/libstdc++fs.a(path.o)
 .text.unlikely._ZNSt12experimental10filesystem2v14path15_M_add_root_dirEm
                0x0000000000404ca0        0x0 /usr/lib/gcc/x86_64-linux-gnu/5/libstdc++fs.a(path.o)
 .text.unlikely._ZNSt12experimental10filesystem2v14path15_M_add_filenameEmm
                0x0000000000404ca0        0x0 /usr/lib/gcc/x86_64-linux-gnu/5/libstdc++fs.a(path.o)
 .text.unlikely._ZNSt12experimental10filesystem2v14path15remove_filenameEv
                0x0000000000404ca0        0x0 /usr/lib/gcc/x86_64-linux-gnu/5/libstdc++fs.a(path.o)
 .text.unlikely._ZNSt12experimental10filesystem2v14path16replace_filenameERKS2_
                0x0000000000404ca0        0x0 /usr/lib/gcc/x86_64-linux-gnu/5/libstdc++fs.a(path.o)
 .text.unlikely._ZNKSt12experimental10filesystem2v14path9root_nameEv
                0x0000000000404ca0        0x0 /usr/lib/gcc/x86_64-linux-gnu/5/libstdc++fs.a(path.o)
 .text.unlikely._ZNKSt12experimental10filesystem2v14path14root_directoryEv
                0x0000000000404ca0        0x0 /usr/lib/gcc/x86_64-linux-gnu/5/libstdc++fs.a(path.o)
 .text.unlikely._ZNKSt12experimental10filesystem2v14path9root_pathEv
                0x0000000000404ca0        0x0 /usr/lib/gcc/x86_64-linux-gnu/5/libstdc++fs.a(path.o)
 .text.unlikely._ZNKSt12experimental10filesystem2v14path13relative_pathEv
                0x0000000000404ca0        0x0 /usr/lib/gcc/x86_64-linux-gnu/5/libstdc++fs.a(path.o)
 *(.text.exit .text.exit.*)
 *(.text.startup .text.startup.*)
 *(.text.hot .text.hot.*)
 *(.text .stub .text.* .gnu.linkonce.t.*)
 .text          0x0000000000404ca0       0x2a /usr/lib/gcc/x86_64-linux-gnu/5/../../../x86_64-linux-gnu/crt1.o
                0x0000000000404ca0                _start
 .text          0x0000000000404cca        0x0 /usr/lib/gcc/x86_64-linux-gnu/5/../../../x86_64-linux-gnu/crti.o
 *fill*         0x0000000000404cca        0x6 
 .text          0x0000000000404cd0       0xc6 /usr/lib/gcc/x86_64-linux-gnu/5/crtbegin.o
 .text          0x0000000000404d96     0x1428 obj/imerge.o
                0x0000000000404eae                IMerge::execute()
                0x0000000000404f58                IMerge::prepare(std::unordered_map<std::string, std::list<std::string, std::allocator<std::string> >, std::hash<std::string>, std::equal_to<std::string>, std::allocator<std::pair<std::string const, std::list<std::string, std::allocator<std::string> > > > >&)
                0x00000000004050cc                IMerge::run(std::unordered_map<std::string, std::list<std::string, std::allocator<std::string> >, std::hash<std::string>, std::equal_to<std::string>, std::allocator<std::pair<std::string const, std::list<std::string, std::allocator<std::string> > > > >&)
                0x0000000000405294                IMerge::post()
                0x00000000004053fe                IMerge::trim_extension(std::string const&)
                0x000000000040562c                IMerge::remove_directory(std::string const&)
                0x00000000004056b0                IMerge::extract(std::string const&)
                0x0000000000405b10                IMerge::collect_files(std::string const&, std::unordered_map<std::string, std::list<std::string, std::allocator<std::string> >, std::hash<std::string>, std::equal_to<std::string>, std::allocator<std::pair<std::string const, std::list<std::string, std::allocator<std::string> > > > >&)
 .text._ZNSt11char_traitsIcE7compareEPKcS2_m
                0x00000000004061be       0x3b obj/imerge.o
                0x00000000004061be                std::char_traits<char>::compare(char const*, char const*, unsigned long)
 .text._ZNSt11char_traitsIcE6lengthEPKc
                0x00000000004061f9       0x2c obj/imerge.o
                0x00000000004061f9                std::char_traits<char>::length(char const*)
 .text._ZnwmPv  0x0000000000406225       0x12 obj/imerge.o
                0x0000000000406225                operator new(unsigned long, void*)
 .text._ZdlPvS_
                0x0000000000406237        0xf obj/imerge.o
                0x0000000000406237                operator delete(void*, void*)
 .text._ZNSt10_Hash_impl4hashEPKvmm
                0x0000000000406246       0x2d obj/imerge.o
                0x0000000000406246                std::_Hash_impl::hash(void const*, unsigned long, unsigned long)
 *fill*         0x0000000000406273        0x1 
 .text._ZNKSt4hashISsEclERKSs
                0x0000000000406274       0x43 obj/imerge.o
                0x0000000000406274                std::hash<std::string>::operator()(std::string const&) const
 *fill*         0x00000000004062b7        0x1 
 .text._ZNSt12experimental10filesystem2v14pathD2Ev
                0x00000000004062b8       0x2b obj/imerge.o
                0x00000000004062b8                std::experimental::filesystem::v1::path::~path()
                0x00000000004062b8                std::experimental::filesystem::v1::path::~path()
 *fill*         0x00000000004062e3        0x1 
 .text._ZNSt12experimental10filesystem2v14pathC2Ev
                0x00000000004062e4       0x33 obj/imerge.o
                0x00000000004062e4                std::experimental::filesystem::v1::path::path()
                0x00000000004062e4                std::experimental::filesystem::v1::path::path()
 .text._ZSt4moveIRSsEONSt16remove_referenceIT_E4typeEOS2_
                0x0000000000406317        0xe obj/imerge.o
                0x0000000000406317                std::remove_reference<std::string&>::type&& std::move<std::string&>(std::string&)
 *fill*         0x0000000000406325        0x1 
 .text._ZNSt12experimental10filesystem2v14pathC2EOSs
                0x0000000000406326       0x86 obj/imerge.o
                0x0000000000406326                std::experimental::filesystem::v1::path::path(std::string&&)
                0x0000000000406326                std::experimental::filesystem::v1::path::path(std::string&&)
 .text._ZNKSt12experimental10filesystem2v14path5emptyEv
                0x00000000004063ac       0x1a obj/imerge.o
                0x00000000004063ac                std::experimental::filesystem::v1::path::empty() const
 .text._ZNSt12experimental10filesystem2v1eqERKNS1_4pathES4_
                0x00000000004063c6       0x2a obj/imerge.o
                0x00000000004063c6                std::experimental::filesystem::v1::operator==(std::experimental::filesystem::v1::path const&, std::experimental::filesystem::v1::path const&)
 .text._ZNSt12experimental10filesystem2v14pathC2ERKS2_
                0x00000000004063f0       0x71 obj/imerge.o
                0x00000000004063f0                std::experimental::filesystem::v1::path::path(std::experimental::filesystem::v1::path const&)
                0x00000000004063f0                std::experimental::filesystem::v1::path::path(std::experimental::filesystem::v1::path const&)
 *fill*         0x0000000000406461        0x1 
 .text._ZN9__gnu_cxx17__normal_iteratorIPKNSt12experimental10filesystem2v14path5_CmptESt6vectorIS5_SaIS5_EEEC1Ev
                0x0000000000406462       0x16 obj/imerge.o
                0x0000000000406462                __gnu_cxx::__normal_iterator<std::experimental::filesystem::v1::path::_Cmpt const*, std::vector<std::experimental::filesystem::v1::path::_Cmpt, std::allocator<std::experimental::filesystem::v1::path::_Cmpt> > >::__normal_iterator()
 .text._ZNSt12experimental10filesystem2v14path8iteratorC2EPKS2_N9__gnu_cxx17__normal_iteratorIPKNS2_5_CmptESt6vectorIS8_SaIS8_EEEE
                0x0000000000406478       0x32 obj/imerge.o
                0x0000000000406478                std::experimental::filesystem::v1::path::iterator::iterator(std::experimental::filesystem::v1::path const*, __gnu_cxx::__normal_iterator<std::experimental::filesystem::v1::path::_Cmpt const*, std::vector<std::experimental::filesystem::v1::path::_Cmpt, std::allocator<std::experimental::filesystem::v1::path::_Cmpt> > >)
                0x0000000000406478                std::experimental::filesystem::v1::path::iterator::iterator(std::experimental::filesystem::v1::path const*, __gnu_cxx::__normal_iterator<std::experimental::filesystem::v1::path::_Cmpt const*, std::vector<std::experimental::filesystem::v1::path::_Cmpt, std::allocator<std::experimental::filesystem::v1::path::_Cmpt> > >)
 .text._ZNSt12experimental10filesystem2v14path8iteratorC2EPKS2_b
                0x00000000004064aa       0x3e obj/imerge.o
                0x00000000004064aa                std::experimental::filesystem::v1::path::iterator::iterator(std::experimental::filesystem::v1::path const*, bool)
                0x00000000004064aa                std::experimental::filesystem::v1::path::iterator::iterator(std::experimental::filesystem::v1::path const*, bool)
 .text._ZNKSt12experimental10filesystem2v14path6stringEv
                0x00000000004064e8       0x67 obj/imerge.o
                0x00000000004064e8                std::experimental::filesystem::v1::path::string() const
 *fill*         0x000000000040654f        0x1 
 .text._ZNKSt12experimental10filesystem2v14path8filenameEv
                0x0000000000406550       0x8c obj/imerge.o
                0x0000000000406550                std::experimental::filesystem::v1::path::filename() const
 .text._ZNKSt12experimental10filesystem2v14path9extensionEv
                0x00000000004065dc       0xa8 obj/imerge.o
                0x00000000004065dc                std::experimental::filesystem::v1::path::extension() const
 .text._ZNKSt12experimental10filesystem2v14path3endEv
                0x0000000000406684       0x62 obj/imerge.o
                0x0000000000406684                std::experimental::filesystem::v1::path::end() const
 .text._ZNSt12experimental10filesystem2v14path8iteratormmEv
                0x00000000004066e6       0x3b obj/imerge.o
                0x00000000004066e6                std::experimental::filesystem::v1::path::iterator::operator--()
 *fill*         0x0000000000406721        0x1 
 .text._ZNKSt12experimental10filesystem2v14path8iteratordeEv
                0x0000000000406722       0x36 obj/imerge.o
                0x0000000000406722                std::experimental::filesystem::v1::path::iterator::operator*() const
 .text._ZNKSt12experimental10filesystem2v111file_status4typeEv
                0x0000000000406758       0x11 obj/imerge.o
                0x0000000000406758                std::experimental::filesystem::v1::file_status::type() const
 *fill*         0x0000000000406769        0x1 
 .text._ZNKSt12experimental10filesystem2v115directory_entry4pathEv
                0x000000000040676a        0xe obj/imerge.o
                0x000000000040676a                std::experimental::filesystem::v1::directory_entry::path() const
 .text._ZNSt12experimental10filesystem2v115directory_entryD2Ev
                0x0000000000406778       0x1b obj/imerge.o
                0x0000000000406778                std::experimental::filesystem::v1::directory_entry::~directory_entry()
                0x0000000000406778                std::experimental::filesystem::v1::directory_entry::~directory_entry()
 *fill*         0x0000000000406793        0x1 
 .text._ZNSt12experimental10filesystem2v115directory_entryC2ERKS2_
                0x0000000000406794       0x26 obj/imerge.o
                0x0000000000406794                std::experimental::filesystem::v1::directory_entry::directory_entry(std::experimental::filesystem::v1::directory_entry const&)
                0x0000000000406794                std::experimental::filesystem::v1::directory_entry::directory_entry(std::experimental::filesystem::v1::directory_entry const&)
 .text._ZNSt12__shared_ptrINSt12experimental10filesystem2v14_DirELN9__gnu_cxx12_Lock_policyE2EED2Ev
                0x00000000004067ba       0x1f obj/imerge.o
                0x00000000004067ba                std::__shared_ptr<std::experimental::filesystem::v1::_Dir, (__gnu_cxx::_Lock_policy)2>::~__shared_ptr()
                0x00000000004067ba                std::__shared_ptr<std::experimental::filesystem::v1::_Dir, (__gnu_cxx::_Lock_policy)2>::~__shared_ptr()
 *fill*         0x00000000004067d9        0x1 
 .text._ZNSt10shared_ptrINSt12experimental10filesystem2v14_DirEED2Ev
                0x00000000004067da       0x1b obj/imerge.o
                0x00000000004067da                std::shared_ptr<std::experimental::filesystem::v1::_Dir>::~shared_ptr()
                0x00000000004067da                std::shared_ptr<std::experimental::filesystem::v1::_Dir>::~shared_ptr()
 *fill*         0x00000000004067f5        0x1 
 .text._ZNSt12experimental10filesystem2v118directory_iteratorD2Ev
                0x00000000004067f6       0x1b obj/imerge.o
                0x00000000004067f6                std::experimental::filesystem::v1::directory_iterator::~directory_iterator()
                0x00000000004067f6                std::experimental::filesystem::v1::directory_iterator::~directory_iterator()
 *fill*         0x0000000000406811        0x1 
 .text._ZNSt12experimental10filesystem2v118directory_iteratorC2ERKNS1_4pathE
                0x0000000000406812       0x2d obj/imerge.o
                0x0000000000406812                std::experimental::filesystem::v1::directory_iterator::directory_iterator(std::experimental::filesystem::v1::path const&)
                0x0000000000406812                std::experimental::filesystem::v1::directory_iterator::directory_iterator(std::experimental::filesystem::v1::path const&)
 *fill*         0x000000000040683f        0x1 
 .text._ZNSt12experimental10filesystem2v118directory_iteratorC2EOS2_
                0x0000000000406840       0x26 obj/imerge.o
                0x0000000000406840                std::experimental::filesystem::v1::directory_iterator::directory_iterator(std::experimental::filesystem::v1::directory_iterator&&)
                0x0000000000406840                std::experimental::filesystem::v1::directory_iterator::directory_iterator(std::experimental::filesystem::v1::directory_iterator&&)
 .text._ZNSt12experimental10filesystem2v15beginENS1_18directory_iteratorE
                0x0000000000406866       0x29 obj/imerge.o
                0x0000000000406866                std::experimental::filesystem::v1::begin(std::experimental::filesystem::v1::directory_iterator)
 *fill*         0x000000000040688f        0x1 
 .text._ZNSt14__shared_countILN9__gnu_cxx12_Lock_policyE2EEC1Ev
                0x0000000000406890       0x16 obj/imerge.o
                0x0000000000406890                std::__shared_count<(__gnu_cxx::_Lock_policy)2>::__shared_count()
 .text._ZNSt12__shared_ptrINSt12experimental10filesystem2v14_DirELN9__gnu_cxx12_Lock_policyE2EEC2Ev
                0x00000000004068a6       0x2a obj/imerge.o
                0x00000000004068a6                std::__shared_ptr<std::experimental::filesystem::v1::_Dir, (__gnu_cxx::_Lock_policy)2>::__shared_ptr()
 .text._ZNSt10shared_ptrINSt12experimental10filesystem2v14_DirEEC1Ev
                0x00000000004068d0       0x1b obj/imerge.o
                0x00000000004068d0                std::shared_ptr<std::experimental::filesystem::v1::_Dir>::shared_ptr()
 *fill*         0x00000000004068eb        0x1 
 .text._ZNSt12experimental10filesystem2v118directory_iteratorC2Ev
                0x00000000004068ec       0x1b obj/imerge.o
                0x00000000004068ec                std::experimental::filesystem::v1::directory_iterator::directory_iterator()
                0x00000000004068ec                std::experimental::filesystem::v1::directory_iterator::directory_iterator()
 .text._ZNSt12experimental10filesystem2v13endENS1_18directory_iteratorE
                0x0000000000406907       0x39 obj/imerge.o
                0x0000000000406907                std::experimental::filesystem::v1::end(std::experimental::filesystem::v1::directory_iterator)
 .text._ZNSt12experimental10filesystem2v1eqERKNS1_18directory_iteratorES4_
                0x0000000000406940       0x52 obj/imerge.o
                0x0000000000406940                std::experimental::filesystem::v1::operator==(std::experimental::filesystem::v1::directory_iterator const&, std::experimental::filesystem::v1::directory_iterator const&)
 .text._ZNSt12experimental10filesystem2v1neERKNS1_18directory_iteratorES4_
                0x0000000000406992       0x28 obj/imerge.o
                0x0000000000406992                std::experimental::filesystem::v1::operator!=(std::experimental::filesystem::v1::directory_iterator const&, std::experimental::filesystem::v1::directory_iterator const&)
 .text._ZNSt12experimental10filesystem2v16existsENS1_11file_statusE
                0x00000000004069ba       0x3a obj/imerge.o
                0x00000000004069ba                std::experimental::filesystem::v1::exists(std::experimental::filesystem::v1::file_status)
 .text._ZNSt12experimental10filesystem2v16existsERKNS1_4pathE
                0x00000000004069f4       0x22 obj/imerge.o
                0x00000000004069f4                std::experimental::filesystem::v1::exists(std::experimental::filesystem::v1::path const&)
 .text._ZNSt12experimental10filesystem2v112status_knownENS1_11file_statusE
                0x0000000000406a16       0x1f obj/imerge.o
                0x0000000000406a16                std::experimental::filesystem::v1::status_known(std::experimental::filesystem::v1::file_status)
 *fill*         0x0000000000406a35        0x1 
 .text._ZNSt8__detail15_Hash_node_baseC2Ev
                0x0000000000406a36       0x16 obj/imerge.o
                0x0000000000406a36                std::__detail::_Hash_node_base::_Hash_node_base()
                0x0000000000406a36                std::__detail::_Hash_node_base::_Hash_node_base()
 .text._ZNKSt8__detail18_Mod_range_hashingclEmm
                0x0000000000406a4c       0x22 obj/imerge.o
                0x0000000000406a4c                std::__detail::_Mod_range_hashing::operator()(unsigned long, unsigned long) const
 .text._ZNSt8__detail20_Prime_rehash_policyC2Ef
                0x0000000000406a6e       0x29 obj/imerge.o
                0x0000000000406a6e                std::__detail::_Prime_rehash_policy::_Prime_rehash_policy(float)
                0x0000000000406a6e                std::__detail::_Prime_rehash_policy::_Prime_rehash_policy(float)
 *fill*         0x0000000000406a97        0x1 
 .text._ZNKSt8__detail20_Prime_rehash_policy8_M_stateEv
                0x0000000000406a98       0x12 obj/imerge.o
                0x0000000000406a98                std::__detail::_Prime_rehash_policy::_M_state() const
 .text._ZNSt8__detail20_Prime_rehash_policy8_M_resetEm
                0x0000000000406aaa       0x1b obj/imerge.o
                0x0000000000406aaa                std::__detail::_Prime_rehash_policy::_M_reset(unsigned long)
 *fill*         0x0000000000406ac5        0x1 
 .text._ZNSt4listISsSaISsEED2Ev
                0x0000000000406ac6       0x1b obj/imerge.o
                0x0000000000406ac6                std::list<std::string, std::allocator<std::string> >::~list()
                0x0000000000406ac6                std::list<std::string, std::allocator<std::string> >::~list()
 *fill*         0x0000000000406ae1        0x1 
 .text._ZNSt8__detail10_Select1stC2Ev
                0x0000000000406ae2        0xb obj/imerge.o
                0x0000000000406ae2                std::__detail::_Select1st::_Select1st()
                0x0000000000406ae2                std::__detail::_Select1st::_Select1st()
 *fill*         0x0000000000406aed        0x1 
 .text._ZNSt8__detail21_Hashtable_ebo_helperILi0ENS_10_Select1stELb1EEC2Ev
                0x0000000000406aee       0x1b obj/imerge.o
                0x0000000000406aee                std::__detail::_Hashtable_ebo_helper<0, std::__detail::_Select1st, true>::_Hashtable_ebo_helper()
                0x0000000000406aee                std::__detail::_Hashtable_ebo_helper<0, std::__detail::_Select1st, true>::_Hashtable_ebo_helper()
 *fill*         0x0000000000406b09        0x1 
 .text._ZNSt11__hash_baseImSsEC2Ev
                0x0000000000406b0a        0xb obj/imerge.o
                0x0000000000406b0a                std::__hash_base<unsigned long, std::string>::__hash_base()
                0x0000000000406b0a                std::__hash_base<unsigned long, std::string>::__hash_base()
 *fill*         0x0000000000406b15        0x1 
 .text._ZNSt4hashISsEC2Ev
                0x0000000000406b16       0x1b obj/imerge.o
                0x0000000000406b16                std::hash<std::string>::hash()
                0x0000000000406b16                std::hash<std::string>::hash()
 *fill*         0x0000000000406b31        0x1 
 .text._ZNSt8__detail21_Hashtable_ebo_helperILi1ESt4hashISsELb1EEC2Ev
                0x0000000000406b32       0x1b obj/imerge.o
                0x0000000000406b32                std::__detail::_Hashtable_ebo_helper<1, std::hash<std::string>, true>::_Hashtable_ebo_helper()
                0x0000000000406b32                std::__detail::_Hashtable_ebo_helper<1, std::hash<std::string>, true>::_Hashtable_ebo_helper()
 *fill*         0x0000000000406b4d        0x1 
 .text._ZNSt8__detail18_Mod_range_hashingC2Ev
                0x0000000000406b4e        0xb obj/imerge.o
                0x0000000000406b4e                std::__detail::_Mod_range_hashing::_Mod_range_hashing()
                0x0000000000406b4e                std::__detail::_Mod_range_hashing::_Mod_range_hashing()
 *fill*         0x0000000000406b59        0x1 
 .text._ZNSt8__detail21_Hashtable_ebo_helperILi2ENS_18_Mod_range_hashingELb1EEC2Ev
                0x0000000000406b5a       0x1b obj/imerge.o
                0x0000000000406b5a                std::__detail::_Hashtable_ebo_helper<2, std::__detail::_Mod_range_hashing, true>::_Hashtable_ebo_helper()
                0x0000000000406b5a                std::__detail::_Hashtable_ebo_helper<2, std::__detail::_Mod_range_hashing, true>::_Hashtable_ebo_helper()
 *fill*         0x0000000000406b75        0x1 
 .text._ZNSt8__detail15_Hash_code_baseISsSt4pairIKSsSt4listISsSaISsEEENS_10_Select1stESt4hashISsENS_18_Mod_range_hashingENS_20_Default_ranged_hashELb1EEC2Ev
                0x0000000000406b76       0x33 obj/imerge.o
                0x0000000000406b76                std::__detail::_Hash_code_base<std::string, std::pair<std::string const, std::list<std::string, std::allocator<std::string> > >, std::__detail::_Select1st, std::hash<std::string>, std::__detail::_Mod_range_hashing, std::__detail::_Default_ranged_hash, true>::_Hash_code_base()
                0x0000000000406b76                std::__detail::_Hash_code_base<std::string, std::pair<std::string const, std::list<std::string, std::allocator<std::string> > >, std::__detail::_Select1st, std::hash<std::string>, std::__detail::_Mod_range_hashing, std::__detail::_Default_ranged_hash, true>::_Hash_code_base()
 *fill*         0x0000000000406ba9        0x1 
 .text._ZNSt15binary_functionISsSsbEC2Ev
                0x0000000000406baa        0xb obj/imerge.o
                0x0000000000406baa                std::binary_function<std::string, std::string, bool>::binary_function()
                0x0000000000406baa                std::binary_function<std::string, std::string, bool>::binary_function()
 *fill*         0x0000000000406bb5        0x1 
 .text._ZNSt8equal_toISsEC2Ev
                0x0000000000406bb6       0x1b obj/imerge.o
                0x0000000000406bb6                std::equal_to<std::string>::equal_to()
                0x0000000000406bb6                std::equal_to<std::string>::equal_to()
 *fill*         0x0000000000406bd1        0x1 
 .text._ZNSt8__detail21_Hashtable_ebo_helperILi0ESt8equal_toISsELb1EEC2Ev
                0x0000000000406bd2       0x1b obj/imerge.o
                0x0000000000406bd2                std::__detail::_Hashtable_ebo_helper<0, std::equal_to<std::string>, true>::_Hashtable_ebo_helper()
                0x0000000000406bd2                std::__detail::_Hashtable_ebo_helper<0, std::equal_to<std::string>, true>::_Hashtable_ebo_helper()
 *fill*         0x0000000000406bed        0x1 
 .text._ZNSt8__detail15_Hashtable_baseISsSt4pairIKSsSt4listISsSaISsEEENS_10_Select1stESt8equal_toISsESt4hashISsENS_18_Mod_range_hashingENS_20_Default_ranged_hashENS_17_Hashtable_traitsILb1ELb0ELb1EEEEC2Ev
                0x0000000000406bee       0x27 obj/imerge.o
                0x0000000000406bee                std::__detail::_Hashtable_base<std::string, std::pair<std::string const, std::list<std::string, std::allocator<std::string> > >, std::__detail::_Select1st, std::equal_to<std::string>, std::hash<std::string>, std::__detail::_Mod_range_hashing, std::__detail::_Default_ranged_hash, std::__detail::_Hashtable_traits<true, false, true> >::_Hashtable_base()
                0x0000000000406bee                std::__detail::_Hashtable_base<std::string, std::pair<std::string const, std::list<std::string, std::allocator<std::string> > >, std::__detail::_Select1st, std::equal_to<std::string>, std::hash<std::string>, std::__detail::_Mod_range_hashing, std::__detail::_Default_ranged_hash, std::__detail::_Hashtable_traits<true, false, true> >::_Hashtable_base()
 *fill*         0x0000000000406c15        0x1 
 .text._ZNSt8__detail9_Map_baseISsSt4pairIKSsSt4listISsSaISsEEESaIS6_ENS_10_Select1stESt8equal_toISsESt4hashISsENS_18_Mod_range_hashingENS_20_Default_ranged_hashENS_20_Prime_rehash_policyENS_17_Hashtable_traitsILb1ELb0ELb1EEELb1EEC2Ev
                0x0000000000406c16        0xb obj/imerge.o
                0x0000000000406c16                std::__detail::_Map_base<std::string, std::pair<std::string const, std::list<std::string, std::allocator<std::string> > >, std::allocator<std::pair<std::string const, std::list<std::string, std::allocator<std::string> > > >, std::__detail::_Select1st, std::equal_to<std::string>, std::hash<std::string>, std::__detail::_Mod_range_hashing, std::__detail::_Default_ranged_hash, std::__detail::_Prime_rehash_policy, std::__detail::_Hashtable_traits<true, false, true>, true>::_Map_base()
                0x0000000000406c16                std::__detail::_Map_base<std::string, std::pair<std::string const, std::list<std::string, std::allocator<std::string> > >, std::allocator<std::pair<std::string const, std::list<std::string, std::allocator<std::string> > > >, std::__detail::_Select1st, std::equal_to<std::string>, std::hash<std::string>, std::__detail::_Mod_range_hashing, std::__detail::_Default_ranged_hash, std::__detail::_Prime_rehash_policy, std::__detail::_Hashtable_traits<true, false, true>, true>::_Map_base()
 *fill*         0x0000000000406c21        0x1 
 .text._ZNSt8__detail12_Insert_baseISsSt4pairIKSsSt4listISsSaISsEEESaIS6_ENS_10_Select1stESt8equal_toISsESt4hashISsENS_18_Mod_range_hashingENS_20_Default_ranged_hashENS_20_Prime_rehash_policyENS_17_Hashtable_traitsILb1ELb0ELb1EEEEC2Ev
                0x0000000000406c22        0xb obj/imerge.o
                0x0000000000406c22                std::__detail::_Insert_base<std::string, std::pair<std::string const, std::list<std::string, std::allocator<std::string> > >, std::allocator<std::pair<std::string const, std::list<std::string, std::allocator<std::string> > > >, std::__detail::_Select1st, std::equal_to<std::string>, std::hash<std::string>, std::__detail::_Mod_range_hashing, std::__detail::_Default_ranged_hash, std::__detail::_Prime_rehash_policy, std::__detail::_Hashtable_traits<true, false, true> >::_Insert_base()
                0x0000000000406c22                std::__detail::_Insert_base<std::string, std::pair<std::string const, std::list<std::string, std::allocator<std::string> > >, std::allocator<std::pair<std::string const, std::list<std::string, std::allocator<std::string> > > >, std::__detail::_Select1st, std::equal_to<std::string>, std::hash<std::string>, std::__detail::_Mod_range_hashing, std::__detail::_Default_ranged_hash, std::__detail::_Prime_rehash_policy, std::__detail::_Hashtable_traits<true, false, true> >::_Insert_base()
 *fill*         0x0000000000406c2d        0x1 
 .text._ZNSt8__detail7_InsertISsSt4pairIKSsSt4listISsSaISsEEESaIS6_ENS_10_Select1stESt8equal_toISsESt4hashISsENS_18_Mod_range_hashingENS_20_Default_ranged_hashENS_20_Prime_rehash_policyENS_17_Hashtable_traitsILb1ELb0ELb1EEELb0ELb1EEC2Ev
                0x0000000000406c2e       0x1b obj/imerge.o
                0x0000000000406c2e                std::__detail::_Insert<std::string, std::pair<std::string const, std::list<std::string, std::allocator<std::string> > >, std::allocator<std::pair<std::string const, std::list<std::string, std::allocator<std::string> > > >, std::__detail::_Select1st, std::equal_to<std::string>, std::hash<std::string>, std::__detail::_Mod_range_hashing, std::__detail::_Default_ranged_hash, std::__detail::_Prime_rehash_policy, std::__detail::_Hashtable_traits<true, false, true>, false, true>::_Insert()
                0x0000000000406c2e                std::__detail::_Insert<std::string, std::pair<std::string const, std::list<std::string, std::allocator<std::string> > >, std::allocator<std::pair<std::string const, std::list<std::string, std::allocator<std::string> > > >, std::__detail::_Select1st, std::equal_to<std::string>, std::hash<std::string>, std::__detail::_Mod_range_hashing, std::__detail::_Default_ranged_hash, std::__detail::_Prime_rehash_policy, std::__detail::_Hashtable_traits<true, false, true>, false, true>::_Insert()
 *fill*         0x0000000000406c49        0x1 
 .text._ZNSt8__detail12_Rehash_baseISsSt4pairIKSsSt4listISsSaISsEEESaIS6_ENS_10_Select1stESt8equal_toISsESt4hashISsENS_18_Mod_range_hashingENS_20_Default_ranged_hashENS_20_Prime_rehash_policyENS_17_Hashtable_traitsILb1ELb0ELb1EEEEC2Ev
                0x0000000000406c4a        0xb obj/imerge.o
                0x0000000000406c4a                std::__detail::_Rehash_base<std::string, std::pair<std::string const, std::list<std::string, std::allocator<std::string> > >, std::allocator<std::pair<std::string const, std::list<std::string, std::allocator<std::string> > > >, std::__detail::_Select1st, std::equal_to<std::string>, std::hash<std::string>, std::__detail::_Mod_range_hashing, std::__detail::_Default_ranged_hash, std::__detail::_Prime_rehash_policy, std::__detail::_Hashtable_traits<true, false, true> >::_Rehash_base()
                0x0000000000406c4a                std::__detail::_Rehash_base<std::string, std::pair<std::string const, std::list<std::string, std::allocator<std::string> > >, std::allocator<std::pair<std::string const, std::list<std::string, std::allocator<std::string> > > >, std::__detail::_Select1st, std::equal_to<std::string>, std::hash<std::string>, std::__detail::_Mod_range_hashing, std::__detail::_Default_ranged_hash, std::__detail::_Prime_rehash_policy, std::__detail::_Hashtable_traits<true, false, true> >::_Rehash_base()
 *fill*         0x0000000000406c55        0x1 
 .text._ZNSt8__detail9_EqualityISsSt4pairIKSsSt4listISsSaISsEEESaIS6_ENS_10_Select1stESt8equal_toISsESt4hashISsENS_18_Mod_range_hashingENS_20_Default_ranged_hashENS_20_Prime_rehash_policyENS_17_Hashtable_traitsILb1ELb0ELb1EEELb1EEC2Ev
                0x0000000000406c56        0xb obj/imerge.o
                0x0000000000406c56                std::__detail::_Equality<std::string, std::pair<std::string const, std::list<std::string, std::allocator<std::string> > >, std::allocator<std::pair<std::string const, std::list<std::string, std::allocator<std::string> > > >, std::__detail::_Select1st, std::equal_to<std::string>, std::hash<std::string>, std::__detail::_Mod_range_hashing, std::__detail::_Default_ranged_hash, std::__detail::_Prime_rehash_policy, std::__detail::_Hashtable_traits<true, false, true>, true>::_Equality()
                0x0000000000406c56                std::__detail::_Equality<std::string, std::pair<std::string const, std::list<std::string, std::allocator<std::string> > >, std::allocator<std::pair<std::string const, std::list<std::string, std::allocator<std::string> > > >, std::__detail::_Select1st, std::equal_to<std::string>, std::hash<std::string>, std::__detail::_Mod_range_hashing, std::__detail::_Default_ranged_hash, std::__detail::_Prime_rehash_policy, std::__detail::_Hashtable_traits<true, false, true>, true>::_Equality()
 *fill*         0x0000000000406c61        0x1 
 .text._ZNSt8__detail21_Hashtable_ebo_helperILi0ESaINS_10_Hash_nodeISt4pairIKSsSt4listISsSaISsEEELb1EEEELb1EEC2Ev
                0x0000000000406c62       0x1b obj/imerge.o
                0x0000000000406c62                std::__detail::_Hashtable_ebo_helper<0, std::allocator<std::__detail::_Hash_node<std::pair<std::string const, std::list<std::string, std::allocator<std::string> > >, true> >, true>::_Hashtable_ebo_helper()
                0x0000000000406c62                std::__detail::_Hashtable_ebo_helper<0, std::allocator<std::__detail::_Hash_node<std::pair<std::string const, std::list<std::string, std::allocator<std::string> > >, true> >, true>::_Hashtable_ebo_helper()
 *fill*         0x0000000000406c7d        0x1 
 .text._ZNSt8__detail21_Hashtable_ebo_helperILi0ESaINS_10_Hash_nodeISt4pairIKSsSt4listISsSaISsEEELb1EEEELb1EED2Ev
                0x0000000000406c7e       0x1b obj/imerge.o
                0x0000000000406c7e                std::__detail::_Hashtable_ebo_helper<0, std::allocator<std::__detail::_Hash_node<std::pair<std::string const, std::list<std::string, std::allocator<std::string> > >, true> >, true>::~_Hashtable_ebo_helper()
                0x0000000000406c7e                std::__detail::_Hashtable_ebo_helper<0, std::allocator<std::__detail::_Hash_node<std::pair<std::string const, std::list<std::string, std::allocator<std::string> > >, true> >, true>::~_Hashtable_ebo_helper()
 *fill*         0x0000000000406c99        0x1 
 .text._ZNSt8__detail16_Hashtable_allocISaINS_10_Hash_nodeISt4pairIKSsSt4listISsSaISsEEELb1EEEEEC2Ev
                0x0000000000406c9a       0x1b obj/imerge.o
                0x0000000000406c9a                std::__detail::_Hashtable_alloc<std::allocator<std::__detail::_Hash_node<std::pair<std::string const, std::list<std::string, std::allocator<std::string> > >, true> > >::_Hashtable_alloc()
                0x0000000000406c9a                std::__detail::_Hashtable_alloc<std::allocator<std::__detail::_Hash_node<std::pair<std::string const, std::list<std::string, std::allocator<std::string> > >, true> > >::_Hashtable_alloc()
 *fill*         0x0000000000406cb5        0x1 
 .text._ZNSt8__detail16_Hashtable_allocISaINS_10_Hash_nodeISt4pairIKSsSt4listISsSaISsEEELb1EEEEED2Ev
                0x0000000000406cb6       0x1b obj/imerge.o
                0x0000000000406cb6                std::__detail::_Hashtable_alloc<std::allocator<std::__detail::_Hash_node<std::pair<std::string const, std::list<std::string, std::allocator<std::string> > >, true> > >::~_Hashtable_alloc()
                0x0000000000406cb6                std::__detail::_Hashtable_alloc<std::allocator<std::__detail::_Hash_node<std::pair<std::string const, std::list<std::string, std::allocator<std::string> > >, true> > >::~_Hashtable_alloc()
 *fill*         0x0000000000406cd1        0x1 
 .text._ZNSt10_HashtableISsSt4pairIKSsSt4listISsSaISsEEESaIS5_ENSt8__detail10_Select1stESt8equal_toISsESt4hashISsENS7_18_Mod_range_hashingENS7_20_Default_ranged_hashENS7_20_Prime_rehash_policyENS7_17_Hashtable_traitsILb1ELb0ELb1EEEEC2Ev
                0x0000000000406cd2       0xb2 obj/imerge.o
                0x0000000000406cd2                std::_Hashtable<std::string, std::pair<std::string const, std::list<std::string, std::allocator<std::string> > >, std::allocator<std::pair<std::string const, std::list<std::string, std::allocator<std::string> > > >, std::__detail::_Select1st, std::equal_to<std::string>, std::hash<std::string>, std::__detail::_Mod_range_hashing, std::__detail::_Default_ranged_hash, std::__detail::_Prime_rehash_policy, std::__detail::_Hashtable_traits<true, false, true> >::_Hashtable()
                0x0000000000406cd2                std::_Hashtable<std::string, std::pair<std::string const, std::list<std::string, std::allocator<std::string> > >, std::allocator<std::pair<std::string const, std::list<std::string, std::allocator<std::string> > > >, std::__detail::_Select1st, std::equal_to<std::string>, std::hash<std::string>, std::__detail::_Mod_range_hashing, std::__detail::_Default_ranged_hash, std::__detail::_Prime_rehash_policy, std::__detail::_Hashtable_traits<true, false, true> >::_Hashtable()
 .text._ZNSt13unordered_mapISsSt4listISsSaISsEESt4hashISsESt8equal_toISsESaISt4pairIKSsS2_EEEC2Ev
                0x0000000000406d84       0x1b obj/imerge.o
                0x0000000000406d84                std::unordered_map<std::string, std::list<std::string, std::allocator<std::string> >, std::hash<std::string>, std::equal_to<std::string>, std::allocator<std::pair<std::string const, std::list<std::string, std::allocator<std::string> > > > >::unordered_map()
                0x0000000000406d84                std::unordered_map<std::string, std::list<std::string, std::allocator<std::string> >, std::hash<std::string>, std::equal_to<std::string>, std::allocator<std::pair<std::string const, std::list<std::string, std::allocator<std::string> > > > >::unordered_map()
 *fill*         0x0000000000406d9f        0x1 
 .text._ZNSt13unordered_mapISsSt4listISsSaISsEESt4hashISsESt8equal_toISsESaISt4pairIKSsS2_EEED2Ev
                0x0000000000406da0       0x1b obj/imerge.o
                0x0000000000406da0                std::unordered_map<std::string, std::list<std::string, std::allocator<std::string> >, std::hash<std::string>, std::equal_to<std::string>, std::allocator<std::pair<std::string const, std::list<std::string, std::allocator<std::string> > > > >::~unordered_map()
                0x0000000000406da0                std::unordered_map<std::string, std::list<std::string, std::allocator<std::string> >, std::hash<std::string>, std::equal_to<std::string>, std::allocator<std::pair<std::string const, std::list<std::string, std::allocator<std::string> > > > >::~unordered_map()
 .text._ZSt6quotedIcSt11char_traitsIcESaIcEEDaRSbIT_T0_T1_ES3_S3_
                0x0000000000406dbb       0x38 obj/imerge.o
                0x0000000000406dbb                auto std::quoted<char, std::char_traits<char>, std::allocator<char> >(std::basic_string<char, std::char_traits<char>, std::allocator<char> >&, char, char)
 *fill*         0x0000000000406df3        0x1 
 .text._ZNSt4pairIKSsSt4listISsSaISsEEEC2ERKS4_
                0x0000000000406df4       0x62 obj/imerge.o
                0x0000000000406df4                std::pair<std::string const, std::list<std::string, std::allocator<std::string> > >::pair(std::pair<std::string const, std::list<std::string, std::allocator<std::string> > > const&)
                0x0000000000406df4                std::pair<std::string const, std::list<std::string, std::allocator<std::string> > >::pair(std::pair<std::string const, std::list<std::string, std::allocator<std::string> > > const&)
 .text._ZNSt4pairIKSsSt4listISsSaISsEEED2Ev
                0x0000000000406e56       0x2b obj/imerge.o
                0x0000000000406e56                std::pair<std::string const, std::list<std::string, std::allocator<std::string> > >::~pair()